Archive member included to satisfy reference by file (symbol)

D:/Electronics/STM32CubeCLT_1.18.0/GNU-tools-for-STM32/bin/../lib/gcc/arm-none-eabi/13.3.1/../../../../arm-none-eabi/lib/thumb/v7e-m+fp/hard\libc_nano.a(libc_a-exit.o)
                              D:/Electronics/STM32CubeCLT_1.18.0/GNU-tools-for-STM32/bin/../lib/gcc/arm-none-eabi/13.3.1/../../../../arm-none-eabi/lib/thumb/v7e-m+fp/hard/crt0.o (exit)
D:/Electronics/STM32CubeCLT_1.18.0/GNU-tools-for-STM32/bin/../lib/gcc/arm-none-eabi/13.3.1/../../../../arm-none-eabi/lib/thumb/v7e-m+fp/hard\libc_nano.a(libc_a-findfp.o)
                              D:/Electronics/STM32CubeCLT_1.18.0/GNU-tools-for-STM32/bin/../lib/gcc/arm-none-eabi/13.3.1/../../../../arm-none-eabi/lib/thumb/v7e-m+fp/hard\libc_nano.a(libc_a-exit.o) (__stdio_exit_handler)
D:/Electronics/STM32CubeCLT_1.18.0/GNU-tools-for-STM32/bin/../lib/gcc/arm-none-eabi/13.3.1/../../../../arm-none-eabi/lib/thumb/v7e-m+fp/hard\libc_nano.a(libc_a-fwalk.o)
                              D:/Electronics/STM32CubeCLT_1.18.0/GNU-tools-for-STM32/bin/../lib/gcc/arm-none-eabi/13.3.1/../../../../arm-none-eabi/lib/thumb/v7e-m+fp/hard\libc_nano.a(libc_a-findfp.o) (_fwalk_sglue)
D:/Electronics/STM32CubeCLT_1.18.0/GNU-tools-for-STM32/bin/../lib/gcc/arm-none-eabi/13.3.1/../../../../arm-none-eabi/lib/thumb/v7e-m+fp/hard\libc_nano.a(libc_a-stdio.o)
                              D:/Electronics/STM32CubeCLT_1.18.0/GNU-tools-for-STM32/bin/../lib/gcc/arm-none-eabi/13.3.1/../../../../arm-none-eabi/lib/thumb/v7e-m+fp/hard\libc_nano.a(libc_a-findfp.o) (__sread)
D:/Electronics/STM32CubeCLT_1.18.0/GNU-tools-for-STM32/bin/../lib/gcc/arm-none-eabi/13.3.1/../../../../arm-none-eabi/lib/thumb/v7e-m+fp/hard\libc_nano.a(libc_a-memset.o)
                              D:/Electronics/STM32CubeCLT_1.18.0/GNU-tools-for-STM32/bin/../lib/gcc/arm-none-eabi/13.3.1/../../../../arm-none-eabi/lib/thumb/v7e-m+fp/hard/crt0.o (memset)
D:/Electronics/STM32CubeCLT_1.18.0/GNU-tools-for-STM32/bin/../lib/gcc/arm-none-eabi/13.3.1/../../../../arm-none-eabi/lib/thumb/v7e-m+fp/hard\libc_nano.a(libc_a-closer.o)
                              D:/Electronics/STM32CubeCLT_1.18.0/GNU-tools-for-STM32/bin/../lib/gcc/arm-none-eabi/13.3.1/../../../../arm-none-eabi/lib/thumb/v7e-m+fp/hard\libc_nano.a(libc_a-stdio.o) (_close_r)
D:/Electronics/STM32CubeCLT_1.18.0/GNU-tools-for-STM32/bin/../lib/gcc/arm-none-eabi/13.3.1/../../../../arm-none-eabi/lib/thumb/v7e-m+fp/hard\libc_nano.a(libc_a-reent.o)
                              D:/Electronics/STM32CubeCLT_1.18.0/GNU-tools-for-STM32/bin/../lib/gcc/arm-none-eabi/13.3.1/../../../../arm-none-eabi/lib/thumb/v7e-m+fp/hard\libc_nano.a(libc_a-closer.o) (errno)
D:/Electronics/STM32CubeCLT_1.18.0/GNU-tools-for-STM32/bin/../lib/gcc/arm-none-eabi/13.3.1/../../../../arm-none-eabi/lib/thumb/v7e-m+fp/hard\libc_nano.a(libc_a-impure.o)
                              D:/Electronics/STM32CubeCLT_1.18.0/GNU-tools-for-STM32/bin/../lib/gcc/arm-none-eabi/13.3.1/../../../../arm-none-eabi/lib/thumb/v7e-m+fp/hard\libc_nano.a(libc_a-reent.o) (_impure_ptr)
D:/Electronics/STM32CubeCLT_1.18.0/GNU-tools-for-STM32/bin/../lib/gcc/arm-none-eabi/13.3.1/../../../../arm-none-eabi/lib/thumb/v7e-m+fp/hard\libc_nano.a(libc_a-lseekr.o)
                              D:/Electronics/STM32CubeCLT_1.18.0/GNU-tools-for-STM32/bin/../lib/gcc/arm-none-eabi/13.3.1/../../../../arm-none-eabi/lib/thumb/v7e-m+fp/hard\libc_nano.a(libc_a-stdio.o) (_lseek_r)
D:/Electronics/STM32CubeCLT_1.18.0/GNU-tools-for-STM32/bin/../lib/gcc/arm-none-eabi/13.3.1/../../../../arm-none-eabi/lib/thumb/v7e-m+fp/hard\libc_nano.a(libc_a-readr.o)
                              D:/Electronics/STM32CubeCLT_1.18.0/GNU-tools-for-STM32/bin/../lib/gcc/arm-none-eabi/13.3.1/../../../../arm-none-eabi/lib/thumb/v7e-m+fp/hard\libc_nano.a(libc_a-stdio.o) (_read_r)
D:/Electronics/STM32CubeCLT_1.18.0/GNU-tools-for-STM32/bin/../lib/gcc/arm-none-eabi/13.3.1/../../../../arm-none-eabi/lib/thumb/v7e-m+fp/hard\libc_nano.a(libc_a-writer.o)
                              D:/Electronics/STM32CubeCLT_1.18.0/GNU-tools-for-STM32/bin/../lib/gcc/arm-none-eabi/13.3.1/../../../../arm-none-eabi/lib/thumb/v7e-m+fp/hard\libc_nano.a(libc_a-stdio.o) (_write_r)
D:/Electronics/STM32CubeCLT_1.18.0/GNU-tools-for-STM32/bin/../lib/gcc/arm-none-eabi/13.3.1/../../../../arm-none-eabi/lib/thumb/v7e-m+fp/hard\libc_nano.a(libc_a-init.o)
                              D:/Electronics/STM32CubeCLT_1.18.0/GNU-tools-for-STM32/bin/../lib/gcc/arm-none-eabi/13.3.1/../../../../arm-none-eabi/lib/thumb/v7e-m+fp/hard/crt0.o (__libc_init_array)
D:/Electronics/STM32CubeCLT_1.18.0/GNU-tools-for-STM32/bin/../lib/gcc/arm-none-eabi/13.3.1/../../../../arm-none-eabi/lib/thumb/v7e-m+fp/hard\libc_nano.a(libc_a-lock.o)
                              D:/Electronics/STM32CubeCLT_1.18.0/GNU-tools-for-STM32/bin/../lib/gcc/arm-none-eabi/13.3.1/../../../../arm-none-eabi/lib/thumb/v7e-m+fp/hard\libc_nano.a(libc_a-findfp.o) (__retarget_lock_init_recursive)
[...]
Memory Configuration

Name             Origin             Length             Attributes
RAM              0x20000000         0x00008000         xrw
FLASH            0x08000000         0x00020000         xr
*default*        0x00000000         0xffffffff

Linker script and memory map

LOAD D:/Electronics/STM32CubeCLT_1.18.0/GNU-tools-for-STM32/bin/../lib/gcc/arm-none-eabi/13.3.1/thumb/v7e-m+fp/hard/crti.o
LOAD D:/Electronics/STM32CubeCLT_1.18.0/GNU-tools-for-STM32/bin/../lib/gcc/arm-none-eabi/13.3.1/thumb/v7e-m+fp/hard/crtbegin.o
LOAD D:/Electronics/STM32CubeCLT_1.18.0/GNU-tools-for-STM32/bin/../lib/gcc/arm-none-eabi/13.3.1/../../../../arm-none-eabi/lib/thumb/v7e-m+fp/hard/crt0.o
START GROUP
LOAD D:/Electronics/STM32CubeCLT_1.18.0/GNU-tools-for-STM32/bin/../lib/gcc/arm-none-eabi/13.3.1/../../../../arm-none-eabi/lib/thumb/v7e-m+fp/hard\libc_nano.a
LOAD D:/Electronics/STM32CubeCLT_1.18.0/GNU-tools-for-STM32/bin/../lib/gcc/arm-none-eabi/13.3.1/../../../../arm-none-eabi/lib/thumb/v7e-m+fp/hard\libm.a
END GROUP
LOAD cmake/stm32cubemx/CMakeFiles/STM32_Drivers.dir/__/__/Core/Src/system_stm32g4xx.c.obj
LOAD cmake/stm32cubemx/CMakeFiles/STM32_Drivers.dir/__/__/Drivers/STM32G4xx_HAL_Driver/Src/stm32g4xx_hal_spi.c.obj
LOAD cmake/stm32cubemx/CMakeFiles/STM32_Drivers.dir/__/__/Drivers/STM32G4xx_HAL_Driver/Src/stm32g4xx_hal_spi_ex.c.obj
LOAD cmake/stm32cubemx/CMakeFiles/STM32_Drivers.dir/__/__/Drivers/STM32G4xx_HAL_Driver/Src/stm32g4xx_hal.c.obj
LOAD cmake/stm32cubemx/CMakeFiles/STM32_Drivers.dir/__/__/Drivers/STM32G4xx_HAL_Driver/Src/stm32g4xx_hal_rcc.c.obj
LOAD cmake/stm32cubemx/CMakeFiles/STM32_Drivers.dir/__/__/Drivers/STM32G4xx_HAL_Driver/Src/stm32g4xx_hal_rcc_ex.c.obj
LOAD cmake/stm32cubemx/CMakeFiles/STM32_Drivers.dir/__/__/Drivers/STM32G4xx_HAL_Driver/Src/stm32g4xx_hal_flash.c.obj
LOAD cmake/stm32cubemx/CMakeFiles/STM32_Drivers.dir/__/__/Drivers/STM32G4xx_HAL_Driver/Src/stm32g4xx_hal_flash_ex.c.obj
LOAD cmake/stm32cubemx/CMakeFiles/STM32_Drivers.dir/__/__/Drivers/STM32G4xx_HAL_Driver/Src/stm32g4xx_hal_flash_ramfunc.c.obj
LOAD cmake/stm32cubemx/CMakeFiles/STM32_Drivers.dir/__/__/Drivers/STM32G4xx_HAL_Driver/Src/stm32g4xx_hal_gpio.c.obj
LOAD cmake/stm32cubemx/CMakeFiles/STM32_Drivers.dir/__/__/Drivers/STM32G4xx_HAL_Driver/Src/stm32g4xx_hal_exti.c.obj
LOAD cmake/stm32cubemx/CMakeFiles/STM32_Drivers.dir/__/__/Drivers/STM32G4xx_HAL_Driver/Src/stm32g4xx_hal_dma.c.obj
LOAD cmake/stm32cubemx/CMakeFiles/STM32_Drivers.dir/__/__/Drivers/STM32G4xx_HAL_Driver/Src/stm32g4xx_hal_dma_ex.c.obj
LOAD cmake/stm32cubemx/CMakeFiles/STM32_Drivers.dir/__/__/Drivers/STM32G4xx_HAL_Driver/Src/stm32g4xx_hal_pwr.c.obj
LOAD cmake/stm32cubemx/CMakeFiles/STM32_Drivers.dir/__/__/Drivers/STM32G4xx_HAL_Driver/Src/stm32g4xx_hal_pwr_ex.c.obj
LOAD cmake/stm32cubemx/CMakeFiles/STM32_Drivers.dir/__/__/Drivers/STM32G4xx_HAL_Driver/Src/stm32g4xx_hal_cortex.c.obj
LOAD cmake/stm32cubemx/CMakeFiles/STM32_Drivers.dir/__/__/Drivers/STM32G4xx_HAL_Driver/Src/stm32g4xx_hal_uart.c.obj
LOAD cmake/stm32cubemx/CMakeFiles/STM32_Drivers.dir/__/__/Drivers/STM32G4xx_HAL_Driver/Src/stm32g4xx_hal_uart_ex.c.obj
LOAD CMakeFiles/STM32G431CBU6_SPI_WITH_W5500.dir/Core/Src/main.c.obj
LOAD CMakeFiles/STM32G431CBU6_SPI_WITH_W5500.dir/Core/Src/gpio.c.obj
LOAD CMakeFiles/STM32G431CBU6_SPI_WITH_W5500.dir/Core/Src/spi.c.obj
LOAD CMakeFiles/STM32G431CBU6_SPI_WITH_W5500.dir/Core/Src/usart.c.obj
LOAD CMakeFiles/STM32G431CBU6_SPI_WITH_W5500.dir/Core/Src/stm32g4xx_it.c.obj
LOAD CMakeFiles/STM32G431CBU6_SPI_WITH_W5500.dir/Core/Src/stm32g4xx_hal_msp.c.obj
LOAD CMakeFiles/STM32G431CBU6_SPI_WITH_W5500.dir/Core/Src/sysmem.c.obj
LOAD CMakeFiles/STM32G431CBU6_SPI_WITH_W5500.dir/Core/Src/syscalls.c.obj
LOAD CMakeFiles/STM32G431CBU6_SPI_WITH_W5500.dir/startup_stm32g431xx.s.obj
LOAD CMakeFiles/STM32G431CBU6_SPI_WITH_W5500.dir/App/Src/app.c.obj
LOAD CMakeFiles/STM32G431CBU6_SPI_WITH_W5500.dir/App/Src/ethernet.c.obj
LOAD CMakeFiles/STM32G431CBU6_SPI_WITH_W5500.dir/Bsp/Src/socket.c.obj
LOAD CMakeFiles/STM32G431CBU6_SPI_WITH_W5500.dir/Bsp/Src/w5500_spi.c.obj
LOAD CMakeFiles/STM32G431CBU6_SPI_WITH_W5500.dir/Bsp/Src/wizchip_conf.c.obj
LOAD CMakeFiles/STM32G431CBU6_SPI_WITH_W5500.dir/Bsp/Src/w5500.c.obj
START GROUP
LOAD D:/Electronics/STM32CubeCLT_1.18.0/GNU-tools-for-STM32/bin/../lib/gcc/arm-none-eabi/13.3.1/thumb/v7e-m+fp/hard\libgcc.a
LOAD D:/Electronics/STM32CubeCLT_1.18.0/GNU-tools-for-STM32/bin/../lib/gcc/arm-none-eabi/13.3.1/../../../../arm-none-eabi/lib/thumb/v7e-m+fp/hard\libg_nano.a
LOAD D:/Electronics/STM32CubeCLT_1.18.0/GNU-tools-for-STM32/bin/../lib/gcc/arm-none-eabi/13.3.1/../../../../arm-none-eabi/lib/thumb/v7e-m+fp/hard\libc_nano.a
END GROUP
START GROUP
LOAD D:/Electronics/STM32CubeCLT_1.18.0/GNU-tools-for-STM32/bin/../lib/gcc/arm-none-eabi/13.3.1/thumb/v7e-m+fp/hard\libgcc.a
LOAD D:/Electronics/STM32CubeCLT_1.18.0/GNU-tools-for-STM32/bin/../lib/gcc/arm-none-eabi/13.3.1/../../../../arm-none-eabi/lib/thumb/v7e-m+fp/hard\libc_nano.a
END GROUP
LOAD D:/Electronics/STM32CubeCLT_1.18.0/GNU-tools-for-STM32/bin/../lib/gcc/arm-none-eabi/13.3.1/thumb/v7e-m+fp/hard/crtend.o
LOAD D:/Electronics/STM32CubeCLT_1.18.0/GNU-tools-for-STM32/bin/../lib/gcc/arm-none-eabi/13.3.1/thumb/v7e-m+fp/hard/crtn.o
                0x20008000                        _estack = (ORIGIN (RAM) + LENGTH (RAM))
                0x00000200                        _Min_Heap_Size = 0x200
                0x00000400                        _Min_Stack_Size = 0x400

.isr_vector     0x08000000      0x1d8
                0x08000000                        . = ALIGN (0x4)
 *(.isr_vector)
 .isr_vector    0x08000000      0x1d8 CMakeFiles/STM32G431CBU6_SPI_WITH_W5500.dir/startup_stm32g431xx.s.obj
                0x08000000                g_pfnVectors
                0x080001d8                        . = ALIGN (0x4)

.text           0x080001e0     0x7550
                0x080001e0                        . = ALIGN (0x4)
 *(.text)
 .text          0x080001e0       0x40 D:/Electronics/STM32CubeCLT_1.18.0/GNU-tools-for-STM32/bin/../lib/gcc/arm-none-eabi/13.3.1/thumb/v7e-m+fp/hard/crtbegin.o
 .text          0x08000220       0x30 D:/Electronics/STM32CubeCLT_1.18.0/GNU-tools-for-STM32/bin/../lib/gcc/arm-none-eabi/13.3.1/thumb/v7e-m+fp/hard\libgcc.a(_aeabi_uldivmod.o)
                0x08000220                __aeabi_uldivmod
 .text          0x08000250      0x2f8 D:/Electronics/STM32CubeCLT_1.18.0/GNU-tools-for-STM32/bin/../lib/gcc/arm-none-eabi/13.3.1/thumb/v7e-m+fp/hard\libgcc.a(_udivmoddi4.o)
                0x08000250                __udivmoddi4
 .text          0x08000548        0x4 D:/Electronics/STM32CubeCLT_1.18.0/GNU-tools-for-STM32/bin/../lib/gcc/arm-none-eabi/13.3.1/thumb/v7e-m+fp/hard\libgcc.a(_dvmd_tls.o)
                0x08000548                __aeabi_idiv0
                0x08000548                __aeabi_ldiv0
 .text          0x0800054c       0x10 D:/Electronics/STM32CubeCLT_1.18.0/GNU-tools-for-STM32/bin/../lib/gcc/arm-none-eabi/13.3.1/../../../../arm-none-eabi/lib/thumb/v7e-m+fp/hard\libg_nano.a(libc_a-strlen.o)
                0x0800054c                strlen
 *fill*         0x0800055c        0x4 
 .text          0x08000560       0xa0 D:/Electronics/STM32CubeCLT_1.18.0/GNU-tools-for-STM32/bin/../lib/gcc/arm-none-eabi/13.3.1/../../../../arm-none-eabi/lib/thumb/v7e-m+fp/hard\libg_nano.a(libc_a-memchr.o)
                0x08000560                memchr
 *(.text*)
 .text.std      0x08000600       0x6c D:/Electronics/STM32CubeCLT_1.18.0/GNU-tools-for-STM32/bin/../lib/gcc/arm-none-eabi/13.3.1/../../../../arm-none-eabi/lib/thumb/v7e-m+fp/hard\libc_nano.a(libc_a-findfp.o)
 .text.stdio_exit_handler
                0x0800066c       0x18 D:/Electronics/STM32CubeCLT_1.18.0/GNU-tools-for-STM32/bin/../lib/gcc/arm-none-eabi/13.3.1/../../../../arm-none-eabi/lib/thumb/v7e-m+fp/hard\libc_nano.a(libc_a-findfp.o)
 .text.cleanup_stdio
                0x08000684       0x40 D:/Electronics/STM32CubeCLT_1.18.0/GNU-tools-for-STM32/bin/../lib/gcc/arm-none-eabi/13.3.1/../../../../arm-none-eabi/lib/thumb/v7e-m+fp/hard\libc_nano.a(libc_a-findfp.o)
 .text.global_stdio_init.part.0
                0x080006c4       0x3c D:/Electronics/STM32CubeCLT_1.18.0/GNU-tools-for-STM32/bin/../lib/gcc/arm-none-eabi/13.3.1/../../../../arm-none-eabi/lib/thumb/v7e-m+fp/hard\libc_nano.a(libc_a-findfp.o)
 .text.__sfp_lock_acquire
                0x08000700        0xc D:/Electronics/STM32CubeCLT_1.18.0/GNU-tools-for-STM32/bin/../lib/gcc/arm-none-eabi/13.3.1/../../../../arm-none-eabi/lib/thumb/v7e-m+fp/hard\libc_nano.a(libc_a-findfp.o)
                0x08000700                __sfp_lock_acquire
 .text.__sfp_lock_release
                0x0800070c        0xc D:/Electronics/STM32CubeCLT_1.18.0/GNU-tools-for-STM32/bin/../lib/gcc/arm-none-eabi/13.3.1/../../../../arm-none-eabi/lib/thumb/v7e-m+fp/hard\libc_nano.a(libc_a-findfp.o)
                0x0800070c                __sfp_lock_release
 .text.__sinit  0x08000718       0x30 D:/Electronics/STM32CubeCLT_1.18.0/GNU-tools-for-STM32/bin/../lib/gcc/arm-none-eabi/13.3.1/../../../../arm-none-eabi/lib/thumb/v7e-m+fp/hard\libc_nano.a(libc_a-findfp.o)
                0x08000718                __sinit
 .text._fwalk_sglue
                0x08000748       0x3c D:/Electronics/STM32CubeCLT_1.18.0/GNU-tools-for-STM32/bin/../lib/gcc/arm-none-eabi/13.3.1/../../../../arm-none-eabi/lib/thumb/v7e-m+fp/hard\libc_nano.a(libc_a-fwalk.o)
                0x08000748                _fwalk_sglue
 .text.__sread  0x08000784       0x22 D:/Electronics/STM32CubeCLT_1.18.0/GNU-tools-for-STM32/bin/../lib/gcc/arm-none-eabi/13.3.1/../../../../arm-none-eabi/lib/thumb/v7e-m+fp/hard\libc_nano.a(libc_a-stdio.o)
                0x08000784                __sread
 .text.__swrite
                0x080007a6       0x38 D:/Electronics/STM32CubeCLT_1.18.0/GNU-tools-for-STM32/bin/../lib/gcc/arm-none-eabi/13.3.1/../../../../arm-none-eabi/lib/thumb/v7e-m+fp/hard\libc_nano.a(libc_a-stdio.o)
                0x080007a6                __swrite
 .text.__sseek  0x080007de       0x24 D:/Electronics/STM32CubeCLT_1.18.0/GNU-tools-for-STM32/bin/../lib/gcc/arm-none-eabi/13.3.1/../../../../arm-none-eabi/lib/thumb/v7e-m+fp/hard\libc_nano.a(libc_a-stdio.o)
                0x080007de                __sseek
 .text.__sclose
                0x08000802        0x8 D:/Electronics/STM32CubeCLT_1.18.0/GNU-tools-for-STM32/bin/../lib/gcc/arm-none-eabi/13.3.1/../../../../arm-none-eabi/lib/thumb/v7e-m+fp/hard\libc_nano.a(libc_a-stdio.o)
                0x08000802                __sclose
 .text.memset   0x0800080a       0x10 D:/Electronics/STM32CubeCLT_1.18.0/GNU-tools-for-STM32/bin/../lib/gcc/arm-none-eabi/13.3.1/../../../../arm-none-eabi/lib/thumb/v7e-m+fp/hard\libc_nano.a(libc_a-memset.o)
                0x0800080a                memset
 *fill*         0x0800081a        0x2 
 .text._close_r
                0x0800081c       0x20 D:/Electronics/STM32CubeCLT_1.18.0/GNU-tools-for-STM32/bin/../lib/gcc/arm-none-eabi/13.3.1/../../../../arm-none-eabi/lib/thumb/v7e-m+fp/hard\libc_nano.a(libc_a-closer.o)
                0x0800081c                _close_r
 .text._lseek_r
                0x0800083c       0x24 D:/Electronics/STM32CubeCLT_1.18.0/GNU-tools-for-STM32/bin/../lib/gcc/arm-none-eabi/13.3.1/../../../../arm-none-eabi/lib/thumb/v7e-m+fp/hard\libc_nano.a(libc_a-lseekr.o)
                0x0800083c                _lseek_r
 .text._read_r  0x08000860       0x24 D:/Electronics/STM32CubeCLT_1.18.0/GNU-tools-for-STM32/bin/../lib/gcc/arm-none-eabi/13.3.1/../../../../arm-none-eabi/lib/thumb/v7e-m+fp/hard\libc_nano.a(libc_a-readr.o)
                0x08000860                _read_r
 .text._write_r
                0x08000884       0x24 D:/Electronics/STM32CubeCLT_1.18.0/GNU-tools-for-STM32/bin/../lib/gcc/arm-none-eabi/13.3.1/../../../../arm-none-eabi/lib/thumb/v7e-m+fp/hard\libc_nano.a(libc_a-writer.o)
                0x08000884                _write_r
 .text.__libc_init_array
                0x080008a8       0x48 D:/Electronics/STM32CubeCLT_1.18.0/GNU-tools-for-STM32/bin/../lib/gcc/arm-none-eabi/13.3.1/../../../../arm-none-eabi/lib/thumb/v7e-m+fp/hard\libc_nano.a(libc_a-init.o)
                0x080008a8                __libc_init_array
 .text.__retarget_lock_init_recursive
                0x080008f0        0x2 D:/Electronics/STM32CubeCLT_1.18.0/GNU-tools-for-STM32/bin/../lib/gcc/arm-none-eabi/13.3.1/../../../../arm-none-eabi/lib/thumb/v7e-m+fp/hard\libc_nano.a(libc_a-lock.o)
                0x080008f0                __retarget_lock_init_recursive
 .text.__retarget_lock_acquire_recursive
                0x080008f2        0x2 D:/Electronics/STM32CubeCLT_1.18.0/GNU-tools-for-STM32/bin/../lib/gcc/arm-none-eabi/13.3.1/../../../../arm-none-eabi/lib/thumb/v7e-m+fp/hard\libc_nano.a(libc_a-lock.o)
                0x080008f2                __retarget_lock_acquire_recursive
 .text.__retarget_lock_release_recursive
                0x080008f4        0x2 D:/Electronics/STM32CubeCLT_1.18.0/GNU-tools-for-STM32/bin/../lib/gcc/arm-none-eabi/13.3.1/../../../../arm-none-eabi/lib/thumb/v7e-m+fp/hard\libc_nano.a(libc_a-lock.o)
                0x080008f4                __retarget_lock_release_recursive
 *fill*         0x080008f6        0x2 
 .text._free_r  0x080008f8       0x94 D:/Electronics/STM32CubeCLT_1.18.0/GNU-tools-for-STM32/bin/../lib/gcc/arm-none-eabi/13.3.1/../../../../arm-none-eabi/lib/thumb/v7e-m+fp/hard\libc_nano.a(libc_a-freer.o)
                0x080008f8                _free_r
 .text.sbrk_aligned
                0x0800098c       0x44 D:/Electronics/STM32CubeCLT_1.18.0/GNU-tools-for-STM32/bin/../lib/gcc/arm-none-eabi/13.3.1/../../../../arm-none-eabi/lib/thumb/v7e-m+fp/hard\libc_nano.a(libc_a-mallocr.o)
 .text._malloc_r
                0x080009d0      0x100 D:/Electronics/STM32CubeCLT_1.18.0/GNU-tools-for-STM32/bin/../lib/gcc/arm-none-eabi/13.3.1/../../../../arm-none-eabi/lib/thumb/v7e-m+fp/hard\libc_nano.a(libc_a-mallocr.o)
                0x080009d0                _malloc_r
 .text.__malloc_lock
                0x08000ad0        0xc D:/Electronics/STM32CubeCLT_1.18.0/GNU-tools-for-STM32/bin/../lib/gcc/arm-none-eabi/13.3.1/../../../../arm-none-eabi/lib/thumb/v7e-m+fp/hard\libc_nano.a(libc_a-mlock.o)
                0x08000ad0                __malloc_lock
 .text.__malloc_unlock
                0x08000adc        0xc D:/Electronics/STM32CubeCLT_1.18.0/GNU-tools-for-STM32/bin/../lib/gcc/arm-none-eabi/13.3.1/../../../../arm-none-eabi/lib/thumb/v7e-m+fp/hard\libc_nano.a(libc_a-mlock.o)
                0x08000adc                __malloc_unlock
 .text.__sflush_r
                0x08000ae8      0x108 D:/Electronics/STM32CubeCLT_1.18.0/GNU-tools-for-STM32/bin/../lib/gcc/arm-none-eabi/13.3.1/../../../../arm-none-eabi/lib/thumb/v7e-m+fp/hard\libc_nano.a(libc_a-fflush.o)
                0x08000ae8                __sflush_r
 .text._fflush_r
                0x08000bf0       0x50 D:/Electronics/STM32CubeCLT_1.18.0/GNU-tools-for-STM32/bin/../lib/gcc/arm-none-eabi/13.3.1/../../../../arm-none-eabi/lib/thumb/v7e-m+fp/hard\libc_nano.a(libc_a-fflush.o)
                0x08000bf0                _fflush_r
 .text._sbrk_r  0x08000c40       0x20 D:/Electronics/STM32CubeCLT_1.18.0/GNU-tools-for-STM32/bin/../lib/gcc/arm-none-eabi/13.3.1/../../../../arm-none-eabi/lib/thumb/v7e-m+fp/hard\libc_nano.a(libc_a-sbrkr.o)
                0x08000c40                _sbrk_r
 .text.SystemInit
                0x08000c60       0x24 cmake/stm32cubemx/CMakeFiles/STM32_Drivers.dir/__/__/Core/Src/system_stm32g4xx.c.obj
                0x08000c60                SystemInit
 .text.HAL_SPI_Init
                0x08000c84      0x3ec cmake/stm32cubemx/CMakeFiles/STM32_Drivers.dir/__/__/Drivers/STM32G4xx_HAL_Driver/Src/stm32g4xx_hal_spi.c.obj
                0x08000c84                HAL_SPI_Init
 .text.HAL_SPI_Transmit
                0x08001070      0x310 cmake/stm32cubemx/CMakeFiles/STM32_Drivers.dir/__/__/Drivers/STM32G4xx_HAL_Driver/Src/stm32g4xx_hal_spi.c.obj
                0x08001070                HAL_SPI_Transmit
 .text.HAL_SPI_Receive
                0x08001380      0x270 cmake/stm32cubemx/CMakeFiles/STM32_Drivers.dir/__/__/Drivers/STM32G4xx_HAL_Driver/Src/stm32g4xx_hal_spi.c.obj
                0x08001380                HAL_SPI_Receive
 .text.HAL_SPI_TransmitReceive
                0x080015f0      0x454 cmake/stm32cubemx/CMakeFiles/STM32_Drivers.dir/__/__/Drivers/STM32G4xx_HAL_Driver/Src/stm32g4xx_hal_spi.c.obj
                0x080015f0                HAL_SPI_TransmitReceive
 .text.SPI_WaitFlagStateUntilTimeout
                0x08001a44      0x110 cmake/stm32cubemx/CMakeFiles/STM32_Drivers.dir/__/__/Drivers/STM32G4xx_HAL_Driver/Src/stm32g4xx_hal_spi.c.obj
 .text.SPI_WaitFifoStateUntilTimeout
                0x08001b54      0x12c cmake/stm32cubemx/CMakeFiles/STM32_Drivers.dir/__/__/Drivers/STM32G4xx_HAL_Driver/Src/stm32g4xx_hal_spi.c.obj
 .text.SPI_EndRxTransaction
                0x08001c80       0xb0 cmake/stm32cubemx/CMakeFiles/STM32_Drivers.dir/__/__/Drivers/STM32G4xx_HAL_Driver/Src/stm32g4xx_hal_spi.c.obj
 .text.SPI_EndRxTxTransaction
                0x08001d30       0x8c cmake/stm32cubemx/CMakeFiles/STM32_Drivers.dir/__/__/Drivers/STM32G4xx_HAL_Driver/Src/stm32g4xx_hal_spi.c.obj
 .text.HAL_Init
                0x08001dbc       0x30 cmake/stm32cubemx/CMakeFiles/STM32_Drivers.dir/__/__/Drivers/STM32G4xx_HAL_Driver/Src/stm32g4xx_hal.c.obj
                0x08001dbc                HAL_Init
 .text.HAL_InitTick
                0x08001dec       0x74 cmake/stm32cubemx/CMakeFiles/STM32_Drivers.dir/__/__/Drivers/STM32G4xx_HAL_Driver/Src/stm32g4xx_hal.c.obj
                0x08001dec                HAL_InitTick
 .text.HAL_IncTick
                0x08001e60       0x24 cmake/stm32cubemx/CMakeFiles/STM32_Drivers.dir/__/__/Drivers/STM32G4xx_HAL_Driver/Src/stm32g4xx_hal.c.obj
                0x08001e60                HAL_IncTick
 .text.HAL_GetTick
                0x08001e84       0x18 cmake/stm32cubemx/CMakeFiles/STM32_Drivers.dir/__/__/Drivers/STM32G4xx_HAL_Driver/Src/stm32g4xx_hal.c.obj
                0x08001e84                HAL_GetTick
 .text.HAL_Delay
                0x08001e9c       0x44 cmake/stm32cubemx/CMakeFiles/STM32_Drivers.dir/__/__/Drivers/STM32G4xx_HAL_Driver/Src/stm32g4xx_hal.c.obj
                0x08001e9c                HAL_Delay
 .text.HAL_RCC_OscConfig
                0x08001ee0      0x818 cmake/stm32cubemx/CMakeFiles/STM32_Drivers.dir/__/__/Drivers/STM32G4xx_HAL_Driver/Src/stm32g4xx_hal_rcc.c.obj
                0x08001ee0                HAL_RCC_OscConfig
 .text.HAL_RCC_ClockConfig
                0x080026f8      0x3fc cmake/stm32cubemx/CMakeFiles/STM32_Drivers.dir/__/__/Drivers/STM32G4xx_HAL_Driver/Src/stm32g4xx_hal_rcc.c.obj
                0x080026f8                HAL_RCC_ClockConfig
 .text.HAL_RCC_GetSysClockFreq
                0x08002af4       0xc4 cmake/stm32cubemx/CMakeFiles/STM32_Drivers.dir/__/__/Drivers/STM32G4xx_HAL_Driver/Src/stm32g4xx_hal_rcc.c.obj
                0x08002af4                HAL_RCC_GetSysClockFreq
 .text.HAL_RCC_GetHCLKFreq
                0x08002bb8       0x18 cmake/stm32cubemx/CMakeFiles/STM32_Drivers.dir/__/__/Drivers/STM32G4xx_HAL_Driver/Src/stm32g4xx_hal_rcc.c.obj
                0x08002bb8                HAL_RCC_GetHCLKFreq
 .text.HAL_RCC_GetPCLK1Freq
                0x08002bd0       0x2c cmake/stm32cubemx/CMakeFiles/STM32_Drivers.dir/__/__/Drivers/STM32G4xx_HAL_Driver/Src/stm32g4xx_hal_rcc.c.obj
                0x08002bd0                HAL_RCC_GetPCLK1Freq
 .text.HAL_RCC_GetPCLK2Freq
                0x08002bfc       0x2c cmake/stm32cubemx/CMakeFiles/STM32_Drivers.dir/__/__/Drivers/STM32G4xx_HAL_Driver/Src/stm32g4xx_hal_rcc.c.obj
                0x08002bfc                HAL_RCC_GetPCLK2Freq
 .text.RCC_GetSysClockFreqFromPLLSource
                0x08002c28       0x8c cmake/stm32cubemx/CMakeFiles/STM32_Drivers.dir/__/__/Drivers/STM32G4xx_HAL_Driver/Src/stm32g4xx_hal_rcc.c.obj
 .text.HAL_RCCEx_PeriphCLKConfig
                0x08002cb4      0x740 cmake/stm32cubemx/CMakeFiles/STM32_Drivers.dir/__/__/Drivers/STM32G4xx_HAL_Driver/Src/stm32g4xx_hal_rcc_ex.c.obj
                0x08002cb4                HAL_RCCEx_PeriphCLKConfig
 .text.HAL_GPIO_Init
                0x080033f4      0x4a8 cmake/stm32cubemx/CMakeFiles/STM32_Drivers.dir/__/__/Drivers/STM32G4xx_HAL_Driver/Src/stm32g4xx_hal_gpio.c.obj
                0x080033f4                HAL_GPIO_Init
 .text.HAL_GPIO_WritePin
                0x0800389c       0x58 cmake/stm32cubemx/CMakeFiles/STM32_Drivers.dir/__/__/Drivers/STM32G4xx_HAL_Driver/Src/stm32g4xx_hal_gpio.c.obj
                0x0800389c                HAL_GPIO_WritePin
 .text.HAL_PWREx_ControlVoltageScaling
                0x080038f4      0x168 cmake/stm32cubemx/CMakeFiles/STM32_Drivers.dir/__/__/Drivers/STM32G4xx_HAL_Driver/Src/stm32g4xx_hal_pwr_ex.c.obj
                0x080038f4                HAL_PWREx_ControlVoltageScaling
 .text.HAL_PWREx_DisableUCPDDeadBattery
                0x08003a5c       0x20 cmake/stm32cubemx/CMakeFiles/STM32_Drivers.dir/__/__/Drivers/STM32G4xx_HAL_Driver/Src/stm32g4xx_hal_pwr_ex.c.obj
                0x08003a5c                HAL_PWREx_DisableUCPDDeadBattery
 .text.__NVIC_SetPriorityGrouping
                0x08003a7c       0x48 cmake/stm32cubemx/CMakeFiles/STM32_Drivers.dir/__/__/Drivers/STM32G4xx_HAL_Driver/Src/stm32g4xx_hal_cortex.c.obj
 .text.__NVIC_GetPriorityGrouping
                0x08003ac4       0x1c cmake/stm32cubemx/CMakeFiles/STM32_Drivers.dir/__/__/Drivers/STM32G4xx_HAL_Driver/Src/stm32g4xx_hal_cortex.c.obj
 .text.__NVIC_SetPriority
                0x08003ae0       0x54 cmake/stm32cubemx/CMakeFiles/STM32_Drivers.dir/__/__/Drivers/STM32G4xx_HAL_Driver/Src/stm32g4xx_hal_cortex.c.obj
 .text.NVIC_EncodePriority
                0x08003b34       0x66 cmake/stm32cubemx/CMakeFiles/STM32_Drivers.dir/__/__/Drivers/STM32G4xx_HAL_Driver/Src/stm32g4xx_hal_cortex.c.obj
 *fill*         0x08003b9a        0x2 
 .text.SysTick_Config
                0x08003b9c       0x44 cmake/stm32cubemx/CMakeFiles/STM32_Drivers.dir/__/__/Drivers/STM32G4xx_HAL_Driver/Src/stm32g4xx_hal_cortex.c.obj
 .text.HAL_NVIC_SetPriorityGrouping
                0x08003be0       0x40 cmake/stm32cubemx/CMakeFiles/STM32_Drivers.dir/__/__/Drivers/STM32G4xx_HAL_Driver/Src/stm32g4xx_hal_cortex.c.obj
                0x08003be0                HAL_NVIC_SetPriorityGrouping
 .text.HAL_NVIC_SetPriority
                0x08003c20       0x54 cmake/stm32cubemx/CMakeFiles/STM32_Drivers.dir/__/__/Drivers/STM32G4xx_HAL_Driver/Src/stm32g4xx_hal_cortex.c.obj
                0x08003c20                HAL_NVIC_SetPriority
 .text.HAL_SYSTICK_Config
                0x08003c74       0x18 cmake/stm32cubemx/CMakeFiles/STM32_Drivers.dir/__/__/Drivers/STM32G4xx_HAL_Driver/Src/stm32g4xx_hal_cortex.c.obj
                0x08003c74                HAL_SYSTICK_Config
 .text.HAL_UART_Init
                0x08003c8c      0x13c cmake/stm32cubemx/CMakeFiles/STM32_Drivers.dir/__/__/Drivers/STM32G4xx_HAL_Driver/Src/stm32g4xx_hal_uart.c.obj
                0x08003c8c                HAL_UART_Init
 .text.UART_SetConfig
                0x08003dc8      0x75c cmake/stm32cubemx/CMakeFiles/STM32_Drivers.dir/__/__/Drivers/STM32G4xx_HAL_Driver/Src/stm32g4xx_hal_uart.c.obj
                0x08003dc8                UART_SetConfig
 .text.UART_AdvFeatureConfig
                0x08004524      0x2b0 cmake/stm32cubemx/CMakeFiles/STM32_Drivers.dir/__/__/Drivers/STM32G4xx_HAL_Driver/Src/stm32g4xx_hal_uart.c.obj
                0x08004524                UART_AdvFeatureConfig
 .text.UART_CheckIdleState
                0x080047d4      0x154 cmake/stm32cubemx/CMakeFiles/STM32_Drivers.dir/__/__/Drivers/STM32G4xx_HAL_Driver/Src/stm32g4xx_hal_uart.c.obj
                0x080047d4                UART_CheckIdleState
 .text.UART_WaitOnFlagUntilTimeout
                0x08004928       0xda cmake/stm32cubemx/CMakeFiles/STM32_Drivers.dir/__/__/Drivers/STM32G4xx_HAL_Driver/Src/stm32g4xx_hal_uart.c.obj
                0x08004928                UART_WaitOnFlagUntilTimeout
 .text.UART_EndRxTransfer
                0x08004a02       0xcc cmake/stm32cubemx/CMakeFiles/STM32_Drivers.dir/__/__/Drivers/STM32G4xx_HAL_Driver/Src/stm32g4xx_hal_uart.c.obj
 *fill*         0x08004ace        0x2 
 .text.HAL_UARTEx_DisableFifoMode
                0x08004ad0       0xc4 cmake/stm32cubemx/CMakeFiles/STM32_Drivers.dir/__/__/Drivers/STM32G4xx_HAL_Driver/Src/stm32g4xx_hal_uart_ex.c.obj
                0x08004ad0                HAL_UARTEx_DisableFifoMode
 .text.HAL_UARTEx_SetTxFifoThreshold
                0x08004b94      0x108 cmake/stm32cubemx/CMakeFiles/STM32_Drivers.dir/__/__/Drivers/STM32G4xx_HAL_Driver/Src/stm32g4xx_hal_uart_ex.c.obj
                0x08004b94                HAL_UARTEx_SetTxFifoThreshold
 .text.HAL_UARTEx_SetRxFifoThreshold
                0x08004c9c      0x108 cmake/stm32cubemx/CMakeFiles/STM32_Drivers.dir/__/__/Drivers/STM32G4xx_HAL_Driver/Src/stm32g4xx_hal_uart_ex.c.obj
                0x08004c9c                HAL_UARTEx_SetRxFifoThreshold
 .text.UARTEx_SetNbDataToProcess
                0x08004da4       0x9c cmake/stm32cubemx/CMakeFiles/STM32_Drivers.dir/__/__/Drivers/STM32G4xx_HAL_Driver/Src/stm32g4xx_hal_uart_ex.c.obj
 .text.main     0x08004e40       0x20 CMakeFiles/STM32G431CBU6_SPI_WITH_W5500.dir/Core/Src/main.c.obj
                0x08004e40                main
 .text.SystemClock_Config
                0x08004e60       0x96 CMakeFiles/STM32G431CBU6_SPI_WITH_W5500.dir/Core/Src/main.c.obj
                0x08004e60                SystemClock_Config
 .text.Error_Handler
                0x08004ef6        0xc CMakeFiles/STM32G431CBU6_SPI_WITH_W5500.dir/Core/Src/main.c.obj
                0x08004ef6                Error_Handler
 .text.assert_failed
                0x08004f02       0x16 CMakeFiles/STM32G431CBU6_SPI_WITH_W5500.dir/Core/Src/main.c.obj
                0x08004f02                assert_failed
 .text.MX_GPIO_Init
                0x08004f18       0x7c CMakeFiles/STM32G431CBU6_SPI_WITH_W5500.dir/Core/Src/gpio.c.obj
                0x08004f18                MX_GPIO_Init
 .text.MX_SPI1_Init
                0x08004f94       0x7c CMakeFiles/STM32G431CBU6_SPI_WITH_W5500.dir/Core/Src/spi.c.obj
                0x08004f94                MX_SPI1_Init
 .text.HAL_SPI_MspInit
                0x08005010       0x84 CMakeFiles/STM32G431CBU6_SPI_WITH_W5500.dir/Core/Src/spi.c.obj
                0x08005010                HAL_SPI_MspInit
 .text.MX_USART2_UART_Init
                0x08005094       0x98 CMakeFiles/STM32G431CBU6_SPI_WITH_W5500.dir/Core/Src/usart.c.obj
                0x08005094                MX_USART2_UART_Init
 .text.HAL_UART_MspInit
                0x0800512c       0xb0 CMakeFiles/STM32G431CBU6_SPI_WITH_W5500.dir/Core/Src/usart.c.obj
                0x0800512c                HAL_UART_MspInit
 .text.NMI_Handler
                0x080051dc        0x8 CMakeFiles/STM32G431CBU6_SPI_WITH_W5500.dir/Core/Src/stm32g4xx_it.c.obj
                0x080051dc                NMI_Handler
 .text.HardFault_Handler
                0x080051e4        0x8 CMakeFiles/STM32G431CBU6_SPI_WITH_W5500.dir/Core/Src/stm32g4xx_it.c.obj
                0x080051e4                HardFault_Handler
 .text.MemManage_Handler
                0x080051ec        0x8 CMakeFiles/STM32G431CBU6_SPI_WITH_W5500.dir/Core/Src/stm32g4xx_it.c.obj
                0x080051ec                MemManage_Handler
 .text.BusFault_Handler
                0x080051f4        0x8 CMakeFiles/STM32G431CBU6_SPI_WITH_W5500.dir/Core/Src/stm32g4xx_it.c.obj
                0x080051f4                BusFault_Handler
 .text.UsageFault_Handler
                0x080051fc        0x8 CMakeFiles/STM32G431CBU6_SPI_WITH_W5500.dir/Core/Src/stm32g4xx_it.c.obj
                0x080051fc                UsageFault_Handler
 .text.SVC_Handler
                0x08005204        0xe CMakeFiles/STM32G431CBU6_SPI_WITH_W5500.dir/Core/Src/stm32g4xx_it.c.obj
                0x08005204                SVC_Handler
 .text.DebugMon_Handler
                0x08005212        0xe CMakeFiles/STM32G431CBU6_SPI_WITH_W5500.dir/Core/Src/stm32g4xx_it.c.obj
                0x08005212                DebugMon_Handler
 .text.PendSV_Handler
                0x08005220        0xe CMakeFiles/STM32G431CBU6_SPI_WITH_W5500.dir/Core/Src/stm32g4xx_it.c.obj
                0x08005220                PendSV_Handler
 .text.SysTick_Handler
                0x0800522e        0xc CMakeFiles/STM32G431CBU6_SPI_WITH_W5500.dir/Core/Src/stm32g4xx_it.c.obj
                0x0800522e                SysTick_Handler
 *fill*         0x0800523a        0x2 
 .text.HAL_MspInit
                0x0800523c       0x48 CMakeFiles/STM32G431CBU6_SPI_WITH_W5500.dir/Core/Src/stm32g4xx_hal_msp.c.obj
                0x0800523c                HAL_MspInit
 .text._sbrk    0x08005284       0x6c CMakeFiles/STM32G431CBU6_SPI_WITH_W5500.dir/Core/Src/sysmem.c.obj
                0x08005284                _sbrk
 .text._read    0x080052f0       0x3a CMakeFiles/STM32G431CBU6_SPI_WITH_W5500.dir/Core/Src/syscalls.c.obj
                0x080052f0                _read
 .text._write   0x0800532a       0x38 CMakeFiles/STM32G431CBU6_SPI_WITH_W5500.dir/Core/Src/syscalls.c.obj
                0x0800532a                _write
 .text._close   0x08005362       0x18 CMakeFiles/STM32G431CBU6_SPI_WITH_W5500.dir/Core/Src/syscalls.c.obj
                0x08005362                _close
 .text._fstat   0x0800537a       0x20 CMakeFiles/STM32G431CBU6_SPI_WITH_W5500.dir/Core/Src/syscalls.c.obj
                0x0800537a                _fstat
 .text._isatty  0x0800539a       0x16 CMakeFiles/STM32G431CBU6_SPI_WITH_W5500.dir/Core/Src/syscalls.c.obj
                0x0800539a                _isatty
 .text._lseek   0x080053b0       0x1a CMakeFiles/STM32G431CBU6_SPI_WITH_W5500.dir/Core/Src/syscalls.c.obj
                0x080053b0                _lseek
 *fill*         0x080053ca        0x2 
 .text.Reset_Handler
                0x080053cc       0x50 CMakeFiles/STM32G431CBU6_SPI_WITH_W5500.dir/startup_stm32g431xx.s.obj
                0x080053cc                Reset_Handler
 .text.Default_Handler
                0x0800541c        0x2 CMakeFiles/STM32G431CBU6_SPI_WITH_W5500.dir/startup_stm32g431xx.s.obj
                0x0800541c                RTC_Alarm_IRQHandler
                0x0800541c                EXTI2_IRQHandler
                0x0800541c                TIM8_TRG_COM_IRQHandler
                0x0800541c                TIM8_CC_IRQHandler
                0x0800541c                TIM1_CC_IRQHandler
                0x0800541c                USB_HP_IRQHandler
                0x0800541c                CORDIC_IRQHandler
                0x0800541c                EXTI3_IRQHandler
                0x0800541c                I2C3_ER_IRQHandler
                0x0800541c                EXTI0_IRQHandler
                0x0800541c                I2C2_EV_IRQHandler
                0x0800541c                FPU_IRQHandler
                0x0800541c                FDCAN1_IT1_IRQHandler
                0x0800541c                TIM1_UP_TIM16_IRQHandler
                0x0800541c                ADC1_2_IRQHandler
                0x0800541c                SPI1_IRQHandler
                0x0800541c                TIM6_DAC_IRQHandler
                0x0800541c                TIM8_UP_IRQHandler
                0x0800541c                DMA2_Channel2_IRQHandler
                0x0800541c                DMA1_Channel4_IRQHandler
                0x0800541c                USART3_IRQHandler
                0x0800541c                TIM4_IRQHandler
                0x0800541c                DMA2_Channel1_IRQHandler
                0x0800541c                I2C1_EV_IRQHandler
                0x0800541c                DMA1_Channel6_IRQHandler
                0x0800541c                UART4_IRQHandler
                0x0800541c                DMA2_Channel4_IRQHandler
                0x0800541c                TIM3_IRQHandler
                0x0800541c                RCC_IRQHandler
                0x0800541c                DMA1_Channel1_IRQHandler
                0x0800541c                Default_Handler
                0x0800541c                RTC_TAMP_LSECSS_IRQHandler
                0x0800541c                FMAC_IRQHandler
                0x0800541c                EXTI15_10_IRQHandler
                0x0800541c                TIM7_IRQHandler
                0x0800541c                UCPD1_IRQHandler
                0x0800541c                I2C3_EV_IRQHandler
                0x0800541c                EXTI9_5_IRQHandler
                0x0800541c                RTC_WKUP_IRQHandler
                0x0800541c                PVD_PVM_IRQHandler
                0x0800541c                SPI2_IRQHandler
                0x0800541c                DMA2_Channel5_IRQHandler
                0x0800541c                CRS_IRQHandler
                0x0800541c                DMA1_Channel5_IRQHandler
                0x0800541c                USB_LP_IRQHandler
                0x0800541c                EXTI4_IRQHandler
                0x0800541c                RNG_IRQHandler
                0x0800541c                TIM1_TRG_COM_TIM17_IRQHandler
                0x0800541c                DMA1_Channel3_IRQHandler
                0x0800541c                WWDG_IRQHandler
                0x0800541c                LPUART1_IRQHandler
                0x0800541c                DMA2_Channel6_IRQHandler
                0x0800541c                FDCAN1_IT0_IRQHandler
                0x0800541c                TIM2_IRQHandler
                0x0800541c                COMP1_2_3_IRQHandler
                0x0800541c                EXTI1_IRQHandler
                0x0800541c                USART2_IRQHandler
                0x0800541c                I2C2_ER_IRQHandler
                0x0800541c                DMA1_Channel2_IRQHandler
                0x0800541c                TIM8_BRK_IRQHandler
                0x0800541c                FLASH_IRQHandler
                0x0800541c                USART1_IRQHandler
                0x0800541c                SPI3_IRQHandler
                0x0800541c                I2C1_ER_IRQHandler
                0x0800541c                LPTIM1_IRQHandler
                0x0800541c                DMAMUX_OVR_IRQHandler
                0x0800541c                USBWakeUp_IRQHandler
                0x0800541c                SAI1_IRQHandler
                0x0800541c                DMA2_Channel3_IRQHandler
                0x0800541c                COMP4_IRQHandler
                0x0800541c                TIM1_BRK_TIM15_IRQHandler
 *fill*         0x0800541e        0x2 
 .text.app      0x08005420       0xb8 CMakeFiles/STM32G431CBU6_SPI_WITH_W5500.dir/App/Src/app.c.obj
                0x08005420                app
 .text.EthernetInit
                0x080054d8       0x40 CMakeFiles/STM32G431CBU6_SPI_WITH_W5500.dir/App/Src/ethernet.c.obj
                0x080054d8                EthernetInit
 .text.PHYStatusCheck
                0x08005518       0x4c CMakeFiles/STM32G431CBU6_SPI_WITH_W5500.dir/App/Src/ethernet.c.obj
                0x08005518                PHYStatusCheck
 .text.PrintPHYConf
                0x08005564       0x88 CMakeFiles/STM32G431CBU6_SPI_WITH_W5500.dir/App/Src/ethernet.c.obj
                0x08005564                PrintPHYConf
 .text.socket   0x080055ec      0x228 CMakeFiles/STM32G431CBU6_SPI_WITH_W5500.dir/Bsp/Src/socket.c.obj
                0x080055ec                socket
 .text.close    0x08005814       0xdc CMakeFiles/STM32G431CBU6_SPI_WITH_W5500.dir/Bsp/Src/socket.c.obj
                0x08005814                close
 .text.sendto   0x080058f0      0x268 CMakeFiles/STM32G431CBU6_SPI_WITH_W5500.dir/Bsp/Src/socket.c.obj
                0x080058f0                sendto
 .text.SPIReadWrite
                0x08005b58       0x30 CMakeFiles/STM32G431CBU6_SPI_WITH_W5500.dir/Bsp/Src/w5500_spi.c.obj
                0x08005b58                SPIReadWrite
 .text.wizchip_select
                0x08005b88       0x14 CMakeFiles/STM32G431CBU6_SPI_WITH_W5500.dir/Bsp/Src/w5500_spi.c.obj
                0x08005b88                wizchip_select
 .text.wizchip_deselect
                0x08005b9c       0x14 CMakeFiles/STM32G431CBU6_SPI_WITH_W5500.dir/Bsp/Src/w5500_spi.c.obj
                0x08005b9c                wizchip_deselect
 .text.wizchip_read
                0x08005bb0       0x1a CMakeFiles/STM32G431CBU6_SPI_WITH_W5500.dir/Bsp/Src/w5500_spi.c.obj
                0x08005bb0                wizchip_read
 .text.wizchip_write
                0x08005bca       0x1a CMakeFiles/STM32G431CBU6_SPI_WITH_W5500.dir/Bsp/Src/w5500_spi.c.obj
                0x08005bca                wizchip_write
 .text.wizchip_readburst
                0x08005be4       0x24 CMakeFiles/STM32G431CBU6_SPI_WITH_W5500.dir/Bsp/Src/w5500_spi.c.obj
                0x08005be4                wizchip_readburst
 .text.wizchip_writeburst
                0x08005c08       0x24 CMakeFiles/STM32G431CBU6_SPI_WITH_W5500.dir/Bsp/Src/w5500_spi.c.obj
                0x08005c08                wizchip_writeburst
 .text.w5500_enter_critical
                0x08005c2c       0x12 CMakeFiles/STM32G431CBU6_SPI_WITH_W5500.dir/Bsp/Src/w5500_spi.c.obj
                0x08005c2c                w5500_enter_critical
 .text.w5500_exit_critical
                0x08005c3e       0x12 CMakeFiles/STM32G431CBU6_SPI_WITH_W5500.dir/Bsp/Src/w5500_spi.c.obj
                0x08005c3e                w5500_exit_critical
 .text.W5500Init
                0x08005c50       0xf0 CMakeFiles/STM32G431CBU6_SPI_WITH_W5500.dir/Bsp/Src/w5500_spi.c.obj
                0x08005c50                W5500Init
 .text.wizchip_cris_enter
                0x08005d40        0xe CMakeFiles/STM32G431CBU6_SPI_WITH_W5500.dir/Bsp/Src/wizchip_conf.c.obj
                0x08005d40                wizchip_cris_enter
 .text.wizchip_cris_exit
                0x08005d4e        0xe CMakeFiles/STM32G431CBU6_SPI_WITH_W5500.dir/Bsp/Src/wizchip_conf.c.obj
                0x08005d4e                wizchip_cris_exit
 .text.wizchip_cs_select
                0x08005d5c        0xe CMakeFiles/STM32G431CBU6_SPI_WITH_W5500.dir/Bsp/Src/wizchip_conf.c.obj
                0x08005d5c                wizchip_cs_select
 .text.wizchip_cs_deselect
                0x08005d6a        0xe CMakeFiles/STM32G431CBU6_SPI_WITH_W5500.dir/Bsp/Src/wizchip_conf.c.obj
                0x08005d6a                wizchip_cs_deselect
 .text.wizchip_bus_readdata
                0x08005d78       0x1a CMakeFiles/STM32G431CBU6_SPI_WITH_W5500.dir/Bsp/Src/wizchip_conf.c.obj
                0x08005d78                wizchip_bus_readdata
 .text.wizchip_bus_writedata
                0x08005d92       0x1e CMakeFiles/STM32G431CBU6_SPI_WITH_W5500.dir/Bsp/Src/wizchip_conf.c.obj
                0x08005d92                wizchip_bus_writedata
 .text.wizchip_spi_readbyte
                0x08005db0       0x10 CMakeFiles/STM32G431CBU6_SPI_WITH_W5500.dir/Bsp/Src/wizchip_conf.c.obj
                0x08005db0                wizchip_spi_readbyte
 .text.wizchip_spi_writebyte
                0x08005dc0       0x16 CMakeFiles/STM32G431CBU6_SPI_WITH_W5500.dir/Bsp/Src/wizchip_conf.c.obj
                0x08005dc0                wizchip_spi_writebyte
 .text.wizchip_spi_readburst
                0x08005dd6       0x18 CMakeFiles/STM32G431CBU6_SPI_WITH_W5500.dir/Bsp/Src/wizchip_conf.c.obj
                0x08005dd6                wizchip_spi_readburst
 .text.wizchip_spi_writeburst
                0x08005dee       0x18 CMakeFiles/STM32G431CBU6_SPI_WITH_W5500.dir/Bsp/Src/wizchip_conf.c.obj
                0x08005dee                wizchip_spi_writeburst
 *fill*         0x08005e06        0x2 
 .text.reg_wizchip_cris_cbfunc
                0x08005e08       0x4c CMakeFiles/STM32G431CBU6_SPI_WITH_W5500.dir/Bsp/Src/wizchip_conf.c.obj
                0x08005e08                reg_wizchip_cris_cbfunc
 .text.reg_wizchip_cs_cbfunc
                0x08005e54       0x4c CMakeFiles/STM32G431CBU6_SPI_WITH_W5500.dir/Bsp/Src/wizchip_conf.c.obj
                0x08005e54                reg_wizchip_cs_cbfunc
 .text.reg_wizchip_spi_cbfunc
                0x08005ea0       0x58 CMakeFiles/STM32G431CBU6_SPI_WITH_W5500.dir/Bsp/Src/wizchip_conf.c.obj
                0x08005ea0                reg_wizchip_spi_cbfunc
 .text.reg_wizchip_spiburst_cbfunc
                0x08005ef8       0x58 CMakeFiles/STM32G431CBU6_SPI_WITH_W5500.dir/Bsp/Src/wizchip_conf.c.obj
                0x08005ef8                reg_wizchip_spiburst_cbfunc
 .text.ctlwizchip
                0x08005f50      0x1c0 CMakeFiles/STM32G431CBU6_SPI_WITH_W5500.dir/Bsp/Src/wizchip_conf.c.obj
                0x08005f50                ctlwizchip
 .text.ctlnetwork
                0x08006110       0x7c CMakeFiles/STM32G431CBU6_SPI_WITH_W5500.dir/Bsp/Src/wizchip_conf.c.obj
                0x08006110                ctlnetwork
 .text.wizchip_sw_reset
                0x0800618c       0x98 CMakeFiles/STM32G431CBU6_SPI_WITH_W5500.dir/Bsp/Src/wizchip_conf.c.obj
                0x0800618c                wizchip_sw_reset
 .text.wizchip_init
                0x08006224      0x118 CMakeFiles/STM32G431CBU6_SPI_WITH_W5500.dir/Bsp/Src/wizchip_conf.c.obj
                0x08006224                wizchip_init
 .text.wizchip_clrinterrupt
                0x0800633c       0x68 CMakeFiles/STM32G431CBU6_SPI_WITH_W5500.dir/Bsp/Src/wizchip_conf.c.obj
                0x0800633c                wizchip_clrinterrupt
 .text.wizchip_getinterrupt
                0x080063a4       0x4a CMakeFiles/STM32G431CBU6_SPI_WITH_W5500.dir/Bsp/Src/wizchip_conf.c.obj
                0x080063a4                wizchip_getinterrupt
 .text.wizchip_setinterruptmask
                0x080063ee       0x36 CMakeFiles/STM32G431CBU6_SPI_WITH_W5500.dir/Bsp/Src/wizchip_conf.c.obj
                0x080063ee                wizchip_setinterruptmask
 .text.wizchip_getinterruptmask
                0x08006424       0x46 CMakeFiles/STM32G431CBU6_SPI_WITH_W5500.dir/Bsp/Src/wizchip_conf.c.obj
                0x08006424                wizchip_getinterruptmask
 .text.wizphy_getphylink
                0x0800646a       0x2c CMakeFiles/STM32G431CBU6_SPI_WITH_W5500.dir/Bsp/Src/wizchip_conf.c.obj
                0x0800646a                wizphy_getphylink
 .text.wizphy_getphypmode
                0x08006496       0x32 CMakeFiles/STM32G431CBU6_SPI_WITH_W5500.dir/Bsp/Src/wizchip_conf.c.obj
                0x08006496                wizphy_getphypmode
 .text.wizphy_reset
                0x080064c8       0x4e CMakeFiles/STM32G431CBU6_SPI_WITH_W5500.dir/Bsp/Src/wizchip_conf.c.obj
                0x080064c8                wizphy_reset
 .text.wizphy_setphyconf
                0x08006516       0x84 CMakeFiles/STM32G431CBU6_SPI_WITH_W5500.dir/Bsp/Src/wizchip_conf.c.obj
                0x08006516                wizphy_setphyconf
 *fill*         0x0800659a        0x2 
 .text.wizphy_getphyconf
                0x0800659c       0xd4 CMakeFiles/STM32G431CBU6_SPI_WITH_W5500.dir/Bsp/Src/wizchip_conf.c.obj
                0x0800659c                wizphy_getphyconf
 .text.wizphy_setphypmode
                0x08006670       0x94 CMakeFiles/STM32G431CBU6_SPI_WITH_W5500.dir/Bsp/Src/wizchip_conf.c.obj
                0x08006670                wizphy_setphypmode
 .text.wizchip_setnetinfo
                0x08006704       0x80 CMakeFiles/STM32G431CBU6_SPI_WITH_W5500.dir/Bsp/Src/wizchip_conf.c.obj
                0x08006704                wizchip_setnetinfo
 .text.wizchip_getnetinfo
                0x08006784       0x80 CMakeFiles/STM32G431CBU6_SPI_WITH_W5500.dir/Bsp/Src/wizchip_conf.c.obj
                0x08006784                wizchip_getnetinfo
 .text.wizchip_setnetmode
                0x08006804       0x44 CMakeFiles/STM32G431CBU6_SPI_WITH_W5500.dir/Bsp/Src/wizchip_conf.c.obj
                0x08006804                wizchip_setnetmode
 .text.wizchip_getnetmode
                0x08006848       0x10 CMakeFiles/STM32G431CBU6_SPI_WITH_W5500.dir/Bsp/Src/wizchip_conf.c.obj
                0x08006848                wizchip_getnetmode
 .text.wizchip_settimeout
                0x08006858       0x42 CMakeFiles/STM32G431CBU6_SPI_WITH_W5500.dir/Bsp/Src/wizchip_conf.c.obj
                0x08006858                wizchip_settimeout
 .text.wizchip_gettimeout
                0x0800689a       0x40 CMakeFiles/STM32G431CBU6_SPI_WITH_W5500.dir/Bsp/Src/wizchip_conf.c.obj
                0x0800689a                wizchip_gettimeout
 *fill*         0x080068da        0x2 
 .text.WIZCHIP_READ
                0x080068dc       0x98 CMakeFiles/STM32G431CBU6_SPI_WITH_W5500.dir/Bsp/Src/w5500.c.obj
                0x080068dc                WIZCHIP_READ
 .text.WIZCHIP_WRITE
                0x08006974       0x9c CMakeFiles/STM32G431CBU6_SPI_WITH_W5500.dir/Bsp/Src/w5500.c.obj
                0x08006974                WIZCHIP_WRITE
 .text.WIZCHIP_READ_BUF
                0x08006a10       0xc0 CMakeFiles/STM32G431CBU6_SPI_WITH_W5500.dir/Bsp/Src/w5500.c.obj
                0x08006a10                WIZCHIP_READ_BUF
 .text.WIZCHIP_WRITE_BUF
                0x08006ad0       0xc0 CMakeFiles/STM32G431CBU6_SPI_WITH_W5500.dir/Bsp/Src/w5500.c.obj
                0x08006ad0                WIZCHIP_WRITE_BUF
 .text.getSn_TX_FSR
                0x08006b90       0x92 CMakeFiles/STM32G431CBU6_SPI_WITH_W5500.dir/Bsp/Src/w5500.c.obj
                0x08006b90                getSn_TX_FSR
 .text.wiz_send_data
                0x08006c22       0xb4 CMakeFiles/STM32G431CBU6_SPI_WITH_W5500.dir/Bsp/Src/w5500.c.obj
                0x08006c22                wiz_send_data
 *fill*         0x08006cd6        0x2 
 .text.printf   0x08006cd8       0x24 D:/Electronics/STM32CubeCLT_1.18.0/GNU-tools-for-STM32/bin/../lib/gcc/arm-none-eabi/13.3.1/../../../../arm-none-eabi/lib/thumb/v7e-m+fp/hard\libg_nano.a(libc_a-printf.o)
                0x08006cd8                iprintf
                0x08006cd8                printf
 .text._puts_r  0x08006cfc       0xaa D:/Electronics/STM32CubeCLT_1.18.0/GNU-tools-for-STM32/bin/../lib/gcc/arm-none-eabi/13.3.1/../../../../arm-none-eabi/lib/thumb/v7e-m+fp/hard\libg_nano.a(libc_a-puts.o)
                0x08006cfc                _puts_r
 *fill*         0x08006da6        0x2 
 .text.puts     0x08006da8       0x10 D:/Electronics/STM32CubeCLT_1.18.0/GNU-tools-for-STM32/bin/../lib/gcc/arm-none-eabi/13.3.1/../../../../arm-none-eabi/lib/thumb/v7e-m+fp/hard\libg_nano.a(libc_a-puts.o)
                0x08006da8                puts
 .text.setbuf   0x08006db8       0x10 D:/Electronics/STM32CubeCLT_1.18.0/GNU-tools-for-STM32/bin/../lib/gcc/arm-none-eabi/13.3.1/../../../../arm-none-eabi/lib/thumb/v7e-m+fp/hard\libg_nano.a(libc_a-setbuf.o)
                0x08006db8                setbuf
 .text.setvbuf  0x08006dc8      0x168 D:/Electronics/STM32CubeCLT_1.18.0/GNU-tools-for-STM32/bin/../lib/gcc/arm-none-eabi/13.3.1/../../../../arm-none-eabi/lib/thumb/v7e-m+fp/hard\libg_nano.a(libc_a-setvbuf.o)
                0x08006dc8                setvbuf
 .text.__swbuf_r
                0x08006f30       0x7c D:/Electronics/STM32CubeCLT_1.18.0/GNU-tools-for-STM32/bin/../lib/gcc/arm-none-eabi/13.3.1/../../../../arm-none-eabi/lib/thumb/v7e-m+fp/hard\libg_nano.a(libc_a-wbuf.o)
                0x08006f30                __swbuf_r
 .text.__swsetup_r
                0x08006fac       0xac D:/Electronics/STM32CubeCLT_1.18.0/GNU-tools-for-STM32/bin/../lib/gcc/arm-none-eabi/13.3.1/../../../../arm-none-eabi/lib/thumb/v7e-m+fp/hard\libg_nano.a(libc_a-wsetup.o)
                0x08006fac                __swsetup_r
 .text.__errno  0x08007058        0xc D:/Electronics/STM32CubeCLT_1.18.0/GNU-tools-for-STM32/bin/../lib/gcc/arm-none-eabi/13.3.1/../../../../arm-none-eabi/lib/thumb/v7e-m+fp/hard\libg_nano.a(libc_a-errno.o)
                0x08007058                __errno
 .text.malloc   0x08007064       0x10 D:/Electronics/STM32CubeCLT_1.18.0/GNU-tools-for-STM32/bin/../lib/gcc/arm-none-eabi/13.3.1/../../../../arm-none-eabi/lib/thumb/v7e-m+fp/hard\libg_nano.a(libc_a-malloc.o)
                0x08007064                malloc
 .text.__sfputc_r
                0x08007074       0x2e D:/Electronics/STM32CubeCLT_1.18.0/GNU-tools-for-STM32/bin/../lib/gcc/arm-none-eabi/13.3.1/../../../../arm-none-eabi/lib/thumb/v7e-m+fp/hard\libg_nano.a(libc_a-nano-vfprintf.o)
 .text.__sfputs_r
                0x080070a2       0x24 D:/Electronics/STM32CubeCLT_1.18.0/GNU-tools-for-STM32/bin/../lib/gcc/arm-none-eabi/13.3.1/../../../../arm-none-eabi/lib/thumb/v7e-m+fp/hard\libg_nano.a(libc_a-nano-vfprintf.o)
                0x080070a2                __sfputs_r
 *fill*         0x080070c6        0x2 
 .text._vfprintf_r
                0x080070c8      0x230 D:/Electronics/STM32CubeCLT_1.18.0/GNU-tools-for-STM32/bin/../lib/gcc/arm-none-eabi/13.3.1/../../../../arm-none-eabi/lib/thumb/v7e-m+fp/hard\libg_nano.a(libc_a-nano-vfprintf.o)
                0x080070c8                _vfprintf_r
                0x080070c8                _vfiprintf_r
 .text._printf_common
                0x080072f8       0xda D:/Electronics/STM32CubeCLT_1.18.0/GNU-tools-for-STM32/bin/../lib/gcc/arm-none-eabi/13.3.1/../../../../arm-none-eabi/lib/thumb/v7e-m+fp/hard\libg_nano.a(libc_a-nano-vfprintf_i.o)
                0x080072f8                _printf_common
 *fill*         0x080073d2        0x2 
 .text._printf_i
                0x080073d4      0x23c D:/Electronics/STM32CubeCLT_1.18.0/GNU-tools-for-STM32/bin/../lib/gcc/arm-none-eabi/13.3.1/../../../../arm-none-eabi/lib/thumb/v7e-m+fp/hard\libg_nano.a(libc_a-nano-vfprintf_i.o)
                0x080073d4                _printf_i
 .text.__swhatbuf_r
                0x08007610       0x4c D:/Electronics/STM32CubeCLT_1.18.0/GNU-tools-for-STM32/bin/../lib/gcc/arm-none-eabi/13.3.1/../../../../arm-none-eabi/lib/thumb/v7e-m+fp/hard\libg_nano.a(libc_a-makebuf.o)
                0x08007610                __swhatbuf_r
 .text.__smakebuf_r
                0x0800765c       0x78 D:/Electronics/STM32CubeCLT_1.18.0/GNU-tools-for-STM32/bin/../lib/gcc/arm-none-eabi/13.3.1/../../../../arm-none-eabi/lib/thumb/v7e-m+fp/hard\libg_nano.a(libc_a-makebuf.o)
                0x0800765c                __smakebuf_r
 .text._fstat_r
                0x080076d4       0x24 D:/Electronics/STM32CubeCLT_1.18.0/GNU-tools-for-STM32/bin/../lib/gcc/arm-none-eabi/13.3.1/../../../../arm-none-eabi/lib/thumb/v7e-m+fp/hard\libg_nano.a(libc_a-fstatr.o)
                0x080076d4                _fstat_r
 .text._isatty_r
                0x080076f8       0x20 D:/Electronics/STM32CubeCLT_1.18.0/GNU-tools-for-STM32/bin/../lib/gcc/arm-none-eabi/13.3.1/../../../../arm-none-eabi/lib/thumb/v7e-m+fp/hard\libg_nano.a(libc_a-isattyr.o)
                0x080076f8                _isatty_r
 *(.glue_7)
 .glue_7        0x08007718        0x0 linker stubs
 *(.glue_7t)
 .glue_7t       0x08007718        0x0 linker stubs
 *(.eh_frame)
 .eh_frame      0x08007718        0x0 D:/Electronics/STM32CubeCLT_1.18.0/GNU-tools-for-STM32/bin/../lib/gcc/arm-none-eabi/13.3.1/thumb/v7e-m+fp/hard/crtbegin.o
 *(.init)
 .init          0x08007718        0x4 D:/Electronics/STM32CubeCLT_1.18.0/GNU-tools-for-STM32/bin/../lib/gcc/arm-none-eabi/13.3.1/thumb/v7e-m+fp/hard/crti.o
                0x08007718                _init
 .init          0x0800771c        0x8 D:/Electronics/STM32CubeCLT_1.18.0/GNU-tools-for-STM32/bin/../lib/gcc/arm-none-eabi/13.3.1/thumb/v7e-m+fp/hard/crtn.o
 *(.fini)
 .fini          0x08007724        0x4 D:/Electronics/STM32CubeCLT_1.18.0/GNU-tools-for-STM32/bin/../lib/gcc/arm-none-eabi/13.3.1/thumb/v7e-m+fp/hard/crti.o
                0x08007724                _fini
 .fini          0x08007728        0x8 D:/Electronics/STM32CubeCLT_1.18.0/GNU-tools-for-STM32/bin/../lib/gcc/arm-none-eabi/13.3.1/thumb/v7e-m+fp/hard/crtn.o
                0x08007730                        . = ALIGN (0x4)
                0x08007730                        _etext = .

.vfp11_veneer   0x08007730        0x0
 .vfp11_veneer  0x08007730        0x0 linker stubs

.v4_bx          0x08007730        0x0
 .v4_bx         0x08007730        0x0 linker stubs

.iplt           0x08007730        0x0
 .iplt          0x08007730        0x0 D:/Electronics/STM32CubeCLT_1.18.0/GNU-tools-for-STM32/bin/../lib/gcc/arm-none-eabi/13.3.1/thumb/v7e-m+fp/hard/crtbegin.o

.rodata         0x08007730      0x730
                0x08007730                        . = ALIGN (0x4)
 *(.rodata)
 .rodata        0x08007730       0x72 cmake/stm32cubemx/CMakeFiles/STM32_Drivers.dir/__/__/Drivers/STM32G4xx_HAL_Driver/Src/stm32g4xx_hal_spi.c.obj
 *fill*         0x080077a2        0x2 
 .rodata        0x080077a4       0x72 cmake/stm32cubemx/CMakeFiles/STM32_Drivers.dir/__/__/Drivers/STM32G4xx_HAL_Driver/Src/stm32g4xx_hal_rcc.c.obj
 *fill*         0x08007816        0x2 
 .rodata        0x08007818       0x75 cmake/stm32cubemx/CMakeFiles/STM32_Drivers.dir/__/__/Drivers/STM32G4xx_HAL_Driver/Src/stm32g4xx_hal_rcc_ex.c.obj
 *fill*         0x0800788d        0x3 
 .rodata        0x08007890       0x73 cmake/stm32cubemx/CMakeFiles/STM32_Drivers.dir/__/__/Drivers/STM32G4xx_HAL_Driver/Src/stm32g4xx_hal_gpio.c.obj
 *fill*         0x08007903        0x1 
 .rodata        0x08007904       0x75 cmake/stm32cubemx/CMakeFiles/STM32_Drivers.dir/__/__/Drivers/STM32G4xx_HAL_Driver/Src/stm32g4xx_hal_pwr_ex.c.obj
 *fill*         0x08007979        0x3 
 .rodata        0x0800797c       0x75 cmake/stm32cubemx/CMakeFiles/STM32_Drivers.dir/__/__/Drivers/STM32G4xx_HAL_Driver/Src/stm32g4xx_hal_cortex.c.obj
 *fill*         0x080079f1        0x3 
 .rodata        0x080079f4       0x73 cmake/stm32cubemx/CMakeFiles/STM32_Drivers.dir/__/__/Drivers/STM32G4xx_HAL_Driver/Src/stm32g4xx_hal_uart.c.obj
 *fill*         0x08007a67        0x1 
 .rodata        0x08007a68       0x76 cmake/stm32cubemx/CMakeFiles/STM32_Drivers.dir/__/__/Drivers/STM32G4xx_HAL_Driver/Src/stm32g4xx_hal_uart_ex.c.obj
 *fill*         0x08007ade        0x2 
 .rodata        0x08007ae0      0x11a CMakeFiles/STM32G431CBU6_SPI_WITH_W5500.dir/App/Src/app.c.obj
 *fill*         0x08007bfa        0x2 
 .rodata        0x08007bfc      0x126 CMakeFiles/STM32G431CBU6_SPI_WITH_W5500.dir/App/Src/ethernet.c.obj
 *fill*         0x08007d22        0x2 
 .rodata        0x08007d24       0xc8 CMakeFiles/STM32G431CBU6_SPI_WITH_W5500.dir/Bsp/Src/w5500_spi.c.obj
 *(.rodata*)
 .rodata.AHBPrescTable
                0x08007dec       0x10 cmake/stm32cubemx/CMakeFiles/STM32_Drivers.dir/__/__/Core/Src/system_stm32g4xx.c.obj
                0x08007dec                AHBPrescTable
 .rodata.APBPrescTable
                0x08007dfc        0x8 cmake/stm32cubemx/CMakeFiles/STM32_Drivers.dir/__/__/Core/Src/system_stm32g4xx.c.obj
                0x08007dfc                APBPrescTable
 .rodata.UARTPrescTable
                0x08007e04       0x18 cmake/stm32cubemx/CMakeFiles/STM32_Drivers.dir/__/__/Drivers/STM32G4xx_HAL_Driver/Src/stm32g4xx_hal_uart.c.obj
                0x08007e04                UARTPrescTable
 .rodata.numerator.1
                0x08007e1c        0x8 cmake/stm32cubemx/CMakeFiles/STM32_Drivers.dir/__/__/Drivers/STM32G4xx_HAL_Driver/Src/stm32g4xx_hal_uart_ex.c.obj
 .rodata.denominator.0
                0x08007e24        0x8 cmake/stm32cubemx/CMakeFiles/STM32_Drivers.dir/__/__/Drivers/STM32G4xx_HAL_Driver/Src/stm32g4xx_hal_uart_ex.c.obj
 .rodata._vfprintf_r.str1.1
                0x08007e2c       0x33 D:/Electronics/STM32CubeCLT_1.18.0/GNU-tools-for-STM32/bin/../lib/gcc/arm-none-eabi/13.3.1/../../../../arm-none-eabi/lib/thumb/v7e-m+fp/hard\libg_nano.a(libc_a-nano-vfprintf.o)
                                 0x11 (size before relaxing)
 .rodata._printf_i.str1.1
                0x08007e5f       0x22 D:/Electronics/STM32CubeCLT_1.18.0/GNU-tools-for-STM32/bin/../lib/gcc/arm-none-eabi/13.3.1/../../../../arm-none-eabi/lib/thumb/v7e-m+fp/hard\libg_nano.a(libc_a-nano-vfprintf_i.o)
                0x08007e84                        . = ALIGN (0x4)
 *fill*         0x08007e5f        0x1 

.ARM.extab      0x08007e60        0x0
                0x08007e60                        . = ALIGN (0x4)
 *(.ARM.extab* .gnu.linkonce.armextab.*)
                0x08007e60                        . = ALIGN (0x4)

.ARM            0x08007e60        0x8
                0x08007e60                        . = ALIGN (0x4)
                0x08007e60                        __exidx_start = .
 *(.ARM.exidx*)
 .ARM.exidx     0x08007e60        0x8 D:/Electronics/STM32CubeCLT_1.18.0/GNU-tools-for-STM32/bin/../lib/gcc/arm-none-eabi/13.3.1/thumb/v7e-m+fp/hard\libgcc.a(_udivmoddi4.o)
 .ARM.exidx     0x08007e68        0x0 D:/Electronics/STM32CubeCLT_1.18.0/GNU-tools-for-STM32/bin/../lib/gcc/arm-none-eabi/13.3.1/../../../../arm-none-eabi/lib/thumb/v7e-m+fp/hard\libg_nano.a(libc_a-strlen.o)
                                  0x8 (size before relaxing)
 .ARM.exidx     0x08007e68        0x0 D:/Electronics/STM32CubeCLT_1.18.0/GNU-tools-for-STM32/bin/../lib/gcc/arm-none-eabi/13.3.1/../../../../arm-none-eabi/lib/thumb/v7e-m+fp/hard\libg_nano.a(libc_a-memchr.o)
                                  0x8 (size before relaxing)
                0x08007e68                        __exidx_end = .
                0x08007e68                        . = ALIGN (0x4)

.preinit_array  0x08007e68        0x0
                0x08007e68                        . = ALIGN (0x4)
                0x08007e68                        PROVIDE (__preinit_array_start = .)
 *(.preinit_array*)
                0x08007e68                        PROVIDE (__preinit_array_end = .)
                0x08007e68                        . = ALIGN (0x4)

.init_array     0x08007e68        0x4
                0x08007e68                        . = ALIGN (0x4)
                0x08007e68                        PROVIDE (__init_array_start = .)
 *(SORT_BY_NAME(.init_array.*))
 *(.init_array*)
 .init_array    0x08007e68        0x4 D:/Electronics/STM32CubeCLT_1.18.0/GNU-tools-for-STM32/bin/../lib/gcc/arm-none-eabi/13.3.1/thumb/v7e-m+fp/hard/crtbegin.o
                0x08007e6c                        PROVIDE (__init_array_end = .)
                0x08007e6c                        . = ALIGN (0x4)

.fini_array     0x08007e6c        0x4
                0x08007e6c                        . = ALIGN (0x4)
                [!provide]                        PROVIDE (__fini_array_start = .)
 *(SORT_BY_NAME(.fini_array.*))
 *(.fini_array*)
 .fini_array    0x08007e6c        0x4 D:/Electronics/STM32CubeCLT_1.18.0/GNU-tools-for-STM32/bin/../lib/gcc/arm-none-eabi/13.3.1/thumb/v7e-m+fp/hard/crtbegin.o
                [!provide]                        PROVIDE (__fini_array_end = .)
                0x08007e70                        . = ALIGN (0x4)
                0x08007e70                        _sidata = LOADADDR (.data)

.rel.dyn        0x08007e70        0x0
 .rel.iplt      0x08007e70        0x0 D:/Electronics/STM32CubeCLT_1.18.0/GNU-tools-for-STM32/bin/../lib/gcc/arm-none-eabi/13.3.1/thumb/v7e-m+fp/hard/crtbegin.o

.data           0x20000000       0xb4 load address 0x08007e70
                0x20000000                        . = ALIGN (0x4)
                0x20000000                        _sdata = .
 *(.data)
 *(.data*)
 .data.__sglue  0x20000000        0xc D:/Electronics/STM32CubeCLT_1.18.0/GNU-tools-for-STM32/bin/../lib/gcc/arm-none-eabi/13.3.1/../../../../arm-none-eabi/lib/thumb/v7e-m+fp/hard\libc_nano.a(libc_a-findfp.o)
                0x20000000                __sglue
 .data._impure_ptr
                0x2000000c        0x4 D:/Electronics/STM32CubeCLT_1.18.0/GNU-tools-for-STM32/bin/../lib/gcc/arm-none-eabi/13.3.1/../../../../arm-none-eabi/lib/thumb/v7e-m+fp/hard\libc_nano.a(libc_a-impure.o)
                0x2000000c                _impure_ptr
 .data._impure_data
                0x20000010       0x4c D:/Electronics/STM32CubeCLT_1.18.0/GNU-tools-for-STM32/bin/../lib/gcc/arm-none-eabi/13.3.1/../../../../arm-none-eabi/lib/thumb/v7e-m+fp/hard\libc_nano.a(libc_a-impure.o)
                0x20000010                _impure_data
 .data.SystemCoreClock
                0x2000005c        0x4 cmake/stm32cubemx/CMakeFiles/STM32_Drivers.dir/__/__/Core/Src/system_stm32g4xx.c.obj
                0x2000005c                SystemCoreClock
 .data.uwTickPrio
                0x20000060        0x4 cmake/stm32cubemx/CMakeFiles/STM32_Drivers.dir/__/__/Drivers/STM32G4xx_HAL_Driver/Src/stm32g4xx_hal.c.obj
                0x20000060                uwTickPrio
 .data.uwTickFreq
                0x20000064        0x4 cmake/stm32cubemx/CMakeFiles/STM32_Drivers.dir/__/__/Drivers/STM32G4xx_HAL_Driver/Src/stm32g4xx_hal.c.obj
                0x20000064                uwTickFreq
 .data.server_ip
                0x20000068        0x4 CMakeFiles/STM32G431CBU6_SPI_WITH_W5500.dir/App/Src/app.c.obj
                0x20000068                server_ip
 .data.gWIZNETINFO
                0x2000006c       0x17 CMakeFiles/STM32G431CBU6_SPI_WITH_W5500.dir/App/Src/ethernet.c.obj
                0x2000006c                gWIZNETINFO
 *fill*         0x20000083        0x1 
 .data.sock_any_port
                0x20000084        0x2 CMakeFiles/STM32G431CBU6_SPI_WITH_W5500.dir/Bsp/Src/socket.c.obj
 *fill*         0x20000086        0x2 
 .data.WIZCHIP  0x20000088       0x2c CMakeFiles/STM32G431CBU6_SPI_WITH_W5500.dir/Bsp/Src/wizchip_conf.c.obj
                0x20000088                WIZCHIP
 *(.RamFunc)
 *(.RamFunc*)
                0x200000b4                        . = ALIGN (0x4)
                0x200000b4                        _edata = .

.igot.plt       0x200000b4        0x0 load address 0x08007f24
 .igot.plt      0x200000b4        0x0 D:/Electronics/STM32CubeCLT_1.18.0/GNU-tools-for-STM32/bin/../lib/gcc/arm-none-eabi/13.3.1/thumb/v7e-m+fp/hard/crtbegin.o
                0x200000b4                        . = ALIGN (0x4)

.bss            0x200000b4      0x28c load address 0x08007f24
                0x200000b4                        _sbss = .
                0x200000b4                        __bss_start__ = _sbss
 *(.bss)
 .bss           0x200000b4       0x1c D:/Electronics/STM32CubeCLT_1.18.0/GNU-tools-for-STM32/bin/../lib/gcc/arm-none-eabi/13.3.1/thumb/v7e-m+fp/hard/crtbegin.o
 *(.bss*)
 .bss.__sf      0x200000d0      0x138 D:/Electronics/STM32CubeCLT_1.18.0/GNU-tools-for-STM32/bin/../lib/gcc/arm-none-eabi/13.3.1/../../../../arm-none-eabi/lib/thumb/v7e-m+fp/hard\libc_nano.a(libc_a-findfp.o)
                0x200000d0                __sf
 .bss.__stdio_exit_handler
                0x20000208        0x4 D:/Electronics/STM32CubeCLT_1.18.0/GNU-tools-for-STM32/bin/../lib/gcc/arm-none-eabi/13.3.1/../../../../arm-none-eabi/lib/thumb/v7e-m+fp/hard\libc_nano.a(libc_a-findfp.o)
                0x20000208                __stdio_exit_handler
 .bss.errno     0x2000020c        0x4 D:/Electronics/STM32CubeCLT_1.18.0/GNU-tools-for-STM32/bin/../lib/gcc/arm-none-eabi/13.3.1/../../../../arm-none-eabi/lib/thumb/v7e-m+fp/hard\libc_nano.a(libc_a-reent.o)
                0x2000020c                errno
 .bss.__lock___malloc_recursive_mutex
                0x20000210        0x1 D:/Electronics/STM32CubeCLT_1.18.0/GNU-tools-for-STM32/bin/../lib/gcc/arm-none-eabi/13.3.1/../../../../arm-none-eabi/lib/thumb/v7e-m+fp/hard\libc_nano.a(libc_a-lock.o)
                0x20000210                __lock___malloc_recursive_mutex
 .bss.__lock___sfp_recursive_mutex
                0x20000211        0x1 D:/Electronics/STM32CubeCLT_1.18.0/GNU-tools-for-STM32/bin/../lib/gcc/arm-none-eabi/13.3.1/../../../../arm-none-eabi/lib/thumb/v7e-m+fp/hard\libc_nano.a(libc_a-lock.o)
                0x20000211                __lock___sfp_recursive_mutex
 *fill*         0x20000212        0x2 
 .bss.__malloc_sbrk_start
                0x20000214        0x4 D:/Electronics/STM32CubeCLT_1.18.0/GNU-tools-for-STM32/bin/../lib/gcc/arm-none-eabi/13.3.1/../../../../arm-none-eabi/lib/thumb/v7e-m+fp/hard\libc_nano.a(libc_a-mallocr.o)
                0x20000214                __malloc_sbrk_start
 .bss.__malloc_free_list
                0x20000218        0x4 D:/Electronics/STM32CubeCLT_1.18.0/GNU-tools-for-STM32/bin/../lib/gcc/arm-none-eabi/13.3.1/../../../../arm-none-eabi/lib/thumb/v7e-m+fp/hard\libc_nano.a(libc_a-mallocr.o)
                0x20000218                __malloc_free_list
 .bss.uwTick    0x2000021c        0x4 cmake/stm32cubemx/CMakeFiles/STM32_Drivers.dir/__/__/Drivers/STM32G4xx_HAL_Driver/Src/stm32g4xx_hal.c.obj
                0x2000021c                uwTick
 .bss.hspi1     0x20000220       0x64 CMakeFiles/STM32G431CBU6_SPI_WITH_W5500.dir/Core/Src/spi.c.obj
                0x20000220                hspi1
 .bss.huart2    0x20000284       0x94 CMakeFiles/STM32G431CBU6_SPI_WITH_W5500.dir/Core/Src/usart.c.obj
                0x20000284                huart2
 .bss.__sbrk_heap_end
                0x20000318        0x4 CMakeFiles/STM32G431CBU6_SPI_WITH_W5500.dir/Core/Src/sysmem.c.obj
 .bss.sock_io_mode
                0x2000031c        0x2 CMakeFiles/STM32G431CBU6_SPI_WITH_W5500.dir/Bsp/Src/socket.c.obj
 .bss.sock_is_sending
                0x2000031e        0x2 CMakeFiles/STM32G431CBU6_SPI_WITH_W5500.dir/Bsp/Src/socket.c.obj
 .bss.sock_remained_size
                0x20000320       0x10 CMakeFiles/STM32G431CBU6_SPI_WITH_W5500.dir/Bsp/Src/socket.c.obj
 .bss.sock_pack_info
                0x20000330        0x8 CMakeFiles/STM32G431CBU6_SPI_WITH_W5500.dir/Bsp/Src/socket.c.obj
                0x20000330                sock_pack_info
 .bss._DNS_     0x20000338        0x4 CMakeFiles/STM32G431CBU6_SPI_WITH_W5500.dir/Bsp/Src/wizchip_conf.c.obj
 .bss._DHCP_    0x2000033c        0x1 CMakeFiles/STM32G431CBU6_SPI_WITH_W5500.dir/Bsp/Src/wizchip_conf.c.obj
 *(COMMON)
                0x20000340                        . = ALIGN (0x4)
 *fill*         0x2000033d        0x3 
                0x20000340                        _ebss = .
                0x20000340                        __bss_end__ = _ebss

._user_heap_stack
                0x20000340      0x600 load address 0x08007f24
                0x20000340                        . = ALIGN (0x8)
                [!provide]                        PROVIDE (end = .)
                0x20000340                        PROVIDE (_end = .)
                0x20000540                        . = (. + _Min_Heap_Size)
 *fill*         0x20000340      0x200 
                0x20000940                        . = (. + _Min_Stack_Size)
 *fill*         0x20000540      0x400 
                0x20000940                        . = ALIGN (0x8)

/DISCARD/
 libc.a(*)
 libm.a(*)
 libgcc.a(*)
OUTPUT(STM32G431CBU6_SPI_WITH_W5500.elf elf32-littlearm)
LOAD linker stubs
LOAD D:/Electronics/STM32CubeCLT_1.18.0/GNU-tools-for-STM32/bin/../lib/gcc/arm-none-eabi/13.3.1/../../../../arm-none-eabi/lib/thumb/v7e-m+fp/hard\libc.a
LOAD D:/Electronics/STM32CubeCLT_1.18.0/GNU-tools-for-STM32/bin/../lib/gcc/arm-none-eabi/13.3.1/../../../../arm-none-eabi/lib/thumb/v7e-m+fp/hard\libm.a
LOAD D:/Electronics/STM32CubeCLT_1.18.0/GNU-tools-for-STM32/bin/../lib/gcc/arm-none-eabi/13.3.1/thumb/v7e-m+fp/hard\libgcc.a

.ARM.attributes
                0x00000000       0x30
 .ARM.attributes
                0x00000000       0x22 D:/Electronics/STM32CubeCLT_1.18.0/GNU-tools-for-STM32/bin/../lib/gcc/arm-none-eabi/13.3.1/thumb/v7e-m+fp/hard/crti.o
 .ARM.attributes
                0x00000022       0x34 D:/Electronics/STM32CubeCLT_1.18.0/GNU-tools-for-STM32/bin/../lib/gcc/arm-none-eabi/13.3.1/thumb/v7e-m+fp/hard/crtbegin.o
 .ARM.attributes
                0x00000056       0x34 D:/Electronics/STM32CubeCLT_1.18.0/GNU-tools-for-STM32/bin/../lib/gcc/arm-none-eabi/13.3.1/../../../../arm-none-eabi/lib/thumb/v7e-m+fp/hard\libc_nano.a(libc_a-findfp.o)
 .ARM.attributes
                0x0000008a       0x34 D:/Electronics/STM32CubeCLT_1.18.0/GNU-tools-for-STM32/bin/../lib/gcc/arm-none-eabi/13.3.1/../../../../arm-none-eabi/lib/thumb/v7e-m+fp/hard\libc_nano.a(libc_a-fwalk.o)
 .ARM.attributes
                0x000000be       0x34 D:/Electronics/STM32CubeCLT_1.18.0/GNU-tools-for-STM32/bin/../lib/gcc/arm-none-eabi/13.3.1/../../../../arm-none-eabi/lib/thumb/v7e-m+fp/hard\libc_nano.a(libc_a-stdio.o)
 .ARM.attributes
                0x000000f2       0x34 D:/Electronics/STM32CubeCLT_1.18.0/GNU-tools-for-STM32/bin/../lib/gcc/arm-none-eabi/13.3.1/../../../../arm-none-eabi/lib/thumb/v7e-m+fp/hard\libc_nano.a(libc_a-memset.o)
 .ARM.attributes
                0x00000126       0x34 D:/Electronics/STM32CubeCLT_1.18.0/GNU-tools-for-STM32/bin/../lib/gcc/arm-none-eabi/13.3.1/../../../../arm-none-eabi/lib/thumb/v7e-m+fp/hard\libc_nano.a(libc_a-closer.o)
 .ARM.attributes
                0x0000015a       0x34 D:/Electronics/STM32CubeCLT_1.18.0/GNU-tools-for-STM32/bin/../lib/gcc/arm-none-eabi/13.3.1/../../../../arm-none-eabi/lib/thumb/v7e-m+fp/hard\libc_nano.a(libc_a-reent.o)
 .ARM.attributes
                0x0000018e       0x34 D:/Electronics/STM32CubeCLT_1.18.0/GNU-tools-for-STM32/bin/../lib/gcc/arm-none-eabi/13.3.1/../../../../arm-none-eabi/lib/thumb/v7e-m+fp/hard\libc_nano.a(libc_a-impure.o)
 .ARM.attributes
                0x000001c2       0x34 D:/Electronics/STM32CubeCLT_1.18.0/GNU-tools-for-STM32/bin/../lib/gcc/arm-none-eabi/13.3.1/../../../../arm-none-eabi/lib/thumb/v7e-m+fp/hard\libc_nano.a(libc_a-lseekr.o)
 .ARM.attributes
                0x000001f6       0x34 D:/Electronics/STM32CubeCLT_1.18.0/GNU-tools-for-STM32/bin/../lib/gcc/arm-none-eabi/13.3.1/../../../../arm-none-eabi/lib/thumb/v7e-m+fp/hard\libc_nano.a(libc_a-readr.o)
 .ARM.attributes
                0x0000022a       0x34 D:/Electronics/STM32CubeCLT_1.18.0/GNU-tools-for-STM32/bin/../lib/gcc/arm-none-eabi/13.3.1/../../../../arm-none-eabi/lib/thumb/v7e-m+fp/hard\libc_nano.a(libc_a-writer.o)
 .ARM.attributes
                0x0000025e       0x34 D:/Electronics/STM32CubeCLT_1.18.0/GNU-tools-for-STM32/bin/../lib/gcc/arm-none-eabi/13.3.1/../../../../arm-none-eabi/lib/thumb/v7e-m+fp/hard\libc_nano.a(libc_a-init.o)
 .ARM.attributes
                0x00000292       0x34 D:/Electronics/STM32CubeCLT_1.18.0/GNU-tools-for-STM32/bin/../lib/gcc/arm-none-eabi/13.3.1/../../../../arm-none-eabi/lib/thumb/v7e-m+fp/hard\libc_nano.a(libc_a-lock.o)
 .ARM.attributes
                0x000002c6       0x34 D:/Electronics/STM32CubeCLT_1.18.0/GNU-tools-for-STM32/bin/../lib/gcc/arm-none-eabi/13.3.1/../../../../arm-none-eabi/lib/thumb/v7e-m+fp/hard\libc_nano.a(libc_a-freer.o)
 .ARM.attributes
                0x000002fa       0x34 D:/Electronics/STM32CubeCLT_1.18.0/GNU-tools-for-STM32/bin/../lib/gcc/arm-none-eabi/13.3.1/../../../../arm-none-eabi/lib/thumb/v7e-m+fp/hard\libc_nano.a(libc_a-mallocr.o)
 .ARM.attributes
                0x0000032e       0x34 D:/Electronics/STM32CubeCLT_1.18.0/GNU-tools-for-STM32/bin/../lib/gcc/arm-none-eabi/13.3.1/../../../../arm-none-eabi/lib/thumb/v7e-m+fp/hard\libc_nano.a(libc_a-mlock.o)
 .ARM.attributes
                0x00000362       0x34 D:/Electronics/STM32CubeCLT_1.18.0/GNU-tools-for-STM32/bin/../lib/gcc/arm-none-eabi/13.3.1/../../../../arm-none-eabi/lib/thumb/v7e-m+fp/hard\libc_nano.a(libc_a-fflush.o)
 .ARM.attributes
                0x00000396       0x34 D:/Electronics/STM32CubeCLT_1.18.0/GNU-tools-for-STM32/bin/../lib/gcc/arm-none-eabi/13.3.1/../../../../arm-none-eabi/lib/thumb/v7e-m+fp/hard\libc_nano.a(libc_a-sbrkr.o)
 .ARM.attributes
                0x000003ca       0x34 cmake/stm32cubemx/CMakeFiles/STM32_Drivers.dir/__/__/Core/Src/system_stm32g4xx.c.obj
 .ARM.attributes
                0x000003fe       0x34 cmake/stm32cubemx/CMakeFiles/STM32_Drivers.dir/__/__/Drivers/STM32G4xx_HAL_Driver/Src/stm32g4xx_hal_spi.c.obj
 .ARM.attributes
                0x00000432       0x34 cmake/stm32cubemx/CMakeFiles/STM32_Drivers.dir/__/__/Drivers/STM32G4xx_HAL_Driver/Src/stm32g4xx_hal.c.obj
 .ARM.attributes
                0x00000466       0x34 cmake/stm32cubemx/CMakeFiles/STM32_Drivers.dir/__/__/Drivers/STM32G4xx_HAL_Driver/Src/stm32g4xx_hal_rcc.c.obj
 .ARM.attributes
                0x0000049a       0x34 cmake/stm32cubemx/CMakeFiles/STM32_Drivers.dir/__/__/Drivers/STM32G4xx_HAL_Driver/Src/stm32g4xx_hal_rcc_ex.c.obj
 .ARM.attributes
                0x000004ce       0x34 cmake/stm32cubemx/CMakeFiles/STM32_Drivers.dir/__/__/Drivers/STM32G4xx_HAL_Driver/Src/stm32g4xx_hal_gpio.c.obj
 .ARM.attributes
                0x00000502       0x34 cmake/stm32cubemx/CMakeFiles/STM32_Drivers.dir/__/__/Drivers/STM32G4xx_HAL_Driver/Src/stm32g4xx_hal_pwr_ex.c.obj
 .ARM.attributes
                0x00000536       0x34 cmake/stm32cubemx/CMakeFiles/STM32_Drivers.dir/__/__/Drivers/STM32G4xx_HAL_Driver/Src/stm32g4xx_hal_cortex.c.obj
 .ARM.attributes
                0x0000056a       0x34 cmake/stm32cubemx/CMakeFiles/STM32_Drivers.dir/__/__/Drivers/STM32G4xx_HAL_Driver/Src/stm32g4xx_hal_uart.c.obj
 .ARM.attributes
                0x0000059e       0x34 cmake/stm32cubemx/CMakeFiles/STM32_Drivers.dir/__/__/Drivers/STM32G4xx_HAL_Driver/Src/stm32g4xx_hal_uart_ex.c.obj
 .ARM.attributes
                0x000005d2       0x34 CMakeFiles/STM32G431CBU6_SPI_WITH_W5500.dir/Core/Src/main.c.obj
 .ARM.attributes
                0x00000606       0x34 CMakeFiles/STM32G431CBU6_SPI_WITH_W5500.dir/Core/Src/gpio.c.obj
 .ARM.attributes
                0x0000063a       0x34 CMakeFiles/STM32G431CBU6_SPI_WITH_W5500.dir/Core/Src/spi.c.obj
 .ARM.attributes
                0x0000066e       0x34 CMakeFiles/STM32G431CBU6_SPI_WITH_W5500.dir/Core/Src/usart.c.obj
 .ARM.attributes
                0x000006a2       0x34 CMakeFiles/STM32G431CBU6_SPI_WITH_W5500.dir/Core/Src/stm32g4xx_it.c.obj
 .ARM.attributes
                0x000006d6       0x34 CMakeFiles/STM32G431CBU6_SPI_WITH_W5500.dir/Core/Src/stm32g4xx_hal_msp.c.obj
 .ARM.attributes
                0x0000070a       0x34 CMakeFiles/STM32G431CBU6_SPI_WITH_W5500.dir/Core/Src/sysmem.c.obj
 .ARM.attributes
                0x0000073e       0x34 CMakeFiles/STM32G431CBU6_SPI_WITH_W5500.dir/Core/Src/syscalls.c.obj
 .ARM.attributes
                0x00000772       0x21 CMakeFiles/STM32G431CBU6_SPI_WITH_W5500.dir/startup_stm32g431xx.s.obj
 .ARM.attributes
                0x00000793       0x34 CMakeFiles/STM32G431CBU6_SPI_WITH_W5500.dir/App/Src/app.c.obj
 .ARM.attributes
                0x000007c7       0x34 CMakeFiles/STM32G431CBU6_SPI_WITH_W5500.dir/App/Src/ethernet.c.obj
 .ARM.attributes
                0x000007fb       0x34 CMakeFiles/STM32G431CBU6_SPI_WITH_W5500.dir/Bsp/Src/socket.c.obj
 .ARM.attributes
                0x0000082f       0x34 CMakeFiles/STM32G431CBU6_SPI_WITH_W5500.dir/Bsp/Src/w5500_spi.c.obj
 .ARM.attributes
                0x00000863       0x34 CMakeFiles/STM32G431CBU6_SPI_WITH_W5500.dir/Bsp/Src/wizchip_conf.c.obj
 .ARM.attributes
                0x00000897       0x34 CMakeFiles/STM32G431CBU6_SPI_WITH_W5500.dir/Bsp/Src/w5500.c.obj
 .ARM.attributes
                0x000008cb       0x22 D:/Electronics/STM32CubeCLT_1.18.0/GNU-tools-for-STM32/bin/../lib/gcc/arm-none-eabi/13.3.1/thumb/v7e-m+fp/hard\libgcc.a(_aeabi_uldivmod.o)
 .ARM.attributes
                0x000008ed       0x34 D:/Electronics/STM32CubeCLT_1.18.0/GNU-tools-for-STM32/bin/../lib/gcc/arm-none-eabi/13.3.1/thumb/v7e-m+fp/hard\libgcc.a(_udivmoddi4.o)
 .ARM.attributes
                0x00000921       0x22 D:/Electronics/STM32CubeCLT_1.18.0/GNU-tools-for-STM32/bin/../lib/gcc/arm-none-eabi/13.3.1/thumb/v7e-m+fp/hard\libgcc.a(_dvmd_tls.o)
 .ARM.attributes
                0x00000943       0x34 D:/Electronics/STM32CubeCLT_1.18.0/GNU-tools-for-STM32/bin/../lib/gcc/arm-none-eabi/13.3.1/../../../../arm-none-eabi/lib/thumb/v7e-m+fp/hard\libg_nano.a(libc_a-printf.o)
 .ARM.attributes
                0x00000977       0x34 D:/Electronics/STM32CubeCLT_1.18.0/GNU-tools-for-STM32/bin/../lib/gcc/arm-none-eabi/13.3.1/../../../../arm-none-eabi/lib/thumb/v7e-m+fp/hard\libg_nano.a(libc_a-puts.o)
 .ARM.attributes
                0x000009ab       0x34 D:/Electronics/STM32CubeCLT_1.18.0/GNU-tools-for-STM32/bin/../lib/gcc/arm-none-eabi/13.3.1/../../../../arm-none-eabi/lib/thumb/v7e-m+fp/hard\libg_nano.a(libc_a-setbuf.o)
 .ARM.attributes
                0x000009df       0x34 D:/Electronics/STM32CubeCLT_1.18.0/GNU-tools-for-STM32/bin/../lib/gcc/arm-none-eabi/13.3.1/../../../../arm-none-eabi/lib/thumb/v7e-m+fp/hard\libg_nano.a(libc_a-setvbuf.o)
 .ARM.attributes
                0x00000a13       0x34 D:/Electronics/STM32CubeCLT_1.18.0/GNU-tools-for-STM32/bin/../lib/gcc/arm-none-eabi/13.3.1/../../../../arm-none-eabi/lib/thumb/v7e-m+fp/hard\libg_nano.a(libc_a-wbuf.o)
 .ARM.attributes
                0x00000a47       0x34 D:/Electronics/STM32CubeCLT_1.18.0/GNU-tools-for-STM32/bin/../lib/gcc/arm-none-eabi/13.3.1/../../../../arm-none-eabi/lib/thumb/v7e-m+fp/hard\libg_nano.a(libc_a-wsetup.o)
 .ARM.attributes
                0x00000a7b       0x34 D:/Electronics/STM32CubeCLT_1.18.0/GNU-tools-for-STM32/bin/../lib/gcc/arm-none-eabi/13.3.1/../../../../arm-none-eabi/lib/thumb/v7e-m+fp/hard\libg_nano.a(libc_a-errno.o)
 .ARM.attributes
                0x00000aaf       0x17 D:/Electronics/STM32CubeCLT_1.18.0/GNU-tools-for-STM32/bin/../lib/gcc/arm-none-eabi/13.3.1/../../../../arm-none-eabi/lib/thumb/v7e-m+fp/hard\libg_nano.a(libc_a-strlen.o)
 .ARM.attributes
                0x00000ac6       0x34 D:/Electronics/STM32CubeCLT_1.18.0/GNU-tools-for-STM32/bin/../lib/gcc/arm-none-eabi/13.3.1/../../../../arm-none-eabi/lib/thumb/v7e-m+fp/hard\libg_nano.a(libc_a-malloc.o)
 .ARM.attributes
                0x00000afa       0x34 D:/Electronics/STM32CubeCLT_1.18.0/GNU-tools-for-STM32/bin/../lib/gcc/arm-none-eabi/13.3.1/../../../../arm-none-eabi/lib/thumb/v7e-m+fp/hard\libg_nano.a(libc_a-nano-vfprintf.o)
 .ARM.attributes
                0x00000b2e       0x34 D:/Electronics/STM32CubeCLT_1.18.0/GNU-tools-for-STM32/bin/../lib/gcc/arm-none-eabi/13.3.1/../../../../arm-none-eabi/lib/thumb/v7e-m+fp/hard\libg_nano.a(libc_a-nano-vfprintf_i.o)
 .ARM.attributes
                0x00000b62       0x34 D:/Electronics/STM32CubeCLT_1.18.0/GNU-tools-for-STM32/bin/../lib/gcc/arm-none-eabi/13.3.1/../../../../arm-none-eabi/lib/thumb/v7e-m+fp/hard\libg_nano.a(libc_a-makebuf.o)
 .ARM.attributes
                0x00000b96       0x34 D:/Electronics/STM32CubeCLT_1.18.0/GNU-tools-for-STM32/bin/../lib/gcc/arm-none-eabi/13.3.1/../../../../arm-none-eabi/lib/thumb/v7e-m+fp/hard\libg_nano.a(libc_a-fstatr.o)
 .ARM.attributes
                0x00000bca       0x34 D:/Electronics/STM32CubeCLT_1.18.0/GNU-tools-for-STM32/bin/../lib/gcc/arm-none-eabi/13.3.1/../../../../arm-none-eabi/lib/thumb/v7e-m+fp/hard\libg_nano.a(libc_a-isattyr.o)
 .ARM.attributes
                0x00000bfe       0x1c D:/Electronics/STM32CubeCLT_1.18.0/GNU-tools-for-STM32/bin/../lib/gcc/arm-none-eabi/13.3.1/../../../../arm-none-eabi/lib/thumb/v7e-m+fp/hard\libg_nano.a(libc_a-memchr.o)
 .ARM.attributes
                0x00000c1a       0x22 D:/Electronics/STM32CubeCLT_1.18.0/GNU-tools-for-STM32/bin/../lib/gcc/arm-none-eabi/13.3.1/thumb/v7e-m+fp/hard/crtn.o

.comment        0x00000000       0x43
 .comment       0x00000000       0x43 cmake/stm32cubemx/CMakeFiles/STM32_Drivers.dir/__/__/Core/Src/system_stm32g4xx.c.obj
                                 0x44 (size before relaxing)
 .comment       0x00000043       0x44 cmake/stm32cubemx/CMakeFiles/STM32_Drivers.dir/__/__/Drivers/STM32G4xx_HAL_Driver/Src/stm32g4xx_hal_spi.c.obj
 .comment       0x00000043       0x44 cmake/stm32cubemx/CMakeFiles/STM32_Drivers.dir/__/__/Drivers/STM32G4xx_HAL_Driver/Src/stm32g4xx_hal.c.obj
 .comment       0x00000043       0x44 cmake/stm32cubemx/CMakeFiles/STM32_Drivers.dir/__/__/Drivers/STM32G4xx_HAL_Driver/Src/stm32g4xx_hal_rcc.c.obj
 .comment       0x00000043       0x44 cmake/stm32cubemx/CMakeFiles/STM32_Drivers.dir/__/__/Drivers/STM32G4xx_HAL_Driver/Src/stm32g4xx_hal_rcc_ex.c.obj
 .comment       0x00000043       0x44 cmake/stm32cubemx/CMakeFiles/STM32_Drivers.dir/__/__/Drivers/STM32G4xx_HAL_Driver/Src/stm32g4xx_hal_gpio.c.obj
 .comment       0x00000043       0x44 cmake/stm32cubemx/CMakeFiles/STM32_Drivers.dir/__/__/Drivers/STM32G4xx_HAL_Driver/Src/stm32g4xx_hal_pwr_ex.c.obj
 .comment       0x00000043       0x44 cmake/stm32cubemx/CMakeFiles/STM32_Drivers.dir/__/__/Drivers/STM32G4xx_HAL_Driver/Src/stm32g4xx_hal_cortex.c.obj
 .comment       0x00000043       0x44 cmake/stm32cubemx/CMakeFiles/STM32_Drivers.dir/__/__/Drivers/STM32G4xx_HAL_Driver/Src/stm32g4xx_hal_uart.c.obj
 .comment       0x00000043       0x44 cmake/stm32cubemx/CMakeFiles/STM32_Drivers.dir/__/__/Drivers/STM32G4xx_HAL_Driver/Src/stm32g4xx_hal_uart_ex.c.obj
 .comment       0x00000043       0x44 CMakeFiles/STM32G431CBU6_SPI_WITH_W5500.dir/Core/Src/main.c.obj
 .comment       0x00000043       0x44 CMakeFiles/STM32G431CBU6_SPI_WITH_W5500.dir/Core/Src/gpio.c.obj
 .comment       0x00000043       0x44 CMakeFiles/STM32G431CBU6_SPI_WITH_W5500.dir/Core/Src/spi.c.obj
 .comment       0x00000043       0x44 CMakeFiles/STM32G431CBU6_SPI_WITH_W5500.dir/Core/Src/usart.c.obj
 .comment       0x00000043       0x44 CMakeFiles/STM32G431CBU6_SPI_WITH_W5500.dir/Core/Src/stm32g4xx_it.c.obj
 .comment       0x00000043       0x44 CMakeFiles/STM32G431CBU6_SPI_WITH_W5500.dir/Core/Src/stm32g4xx_hal_msp.c.obj
 .comment       0x00000043       0x44 CMakeFiles/STM32G431CBU6_SPI_WITH_W5500.dir/Core/Src/sysmem.c.obj
 .comment       0x00000043       0x44 CMakeFiles/STM32G431CBU6_SPI_WITH_W5500.dir/Core/Src/syscalls.c.obj
 .comment       0x00000043       0x44 CMakeFiles/STM32G431CBU6_SPI_WITH_W5500.dir/App/Src/app.c.obj
 .comment       0x00000043       0x44 CMakeFiles/STM32G431CBU6_SPI_WITH_W5500.dir/App/Src/ethernet.c.obj
 .comment       0x00000043       0x44 CMakeFiles/STM32G431CBU6_SPI_WITH_W5500.dir/Bsp/Src/socket.c.obj
 .comment       0x00000043       0x44 CMakeFiles/STM32G431CBU6_SPI_WITH_W5500.dir/Bsp/Src/w5500_spi.c.obj
 .comment       0x00000043       0x44 CMakeFiles/STM32G431CBU6_SPI_WITH_W5500.dir/Bsp/Src/wizchip_conf.c.obj
 .comment       0x00000043       0x44 CMakeFiles/STM32G431CBU6_SPI_WITH_W5500.dir/Bsp/Src/w5500.c.obj
 .comment       0x00000043       0x44 D:/Electronics/STM32CubeCLT_1.18.0/GNU-tools-for-STM32/bin/../lib/gcc/arm-none-eabi/13.3.1/../../../../arm-none-eabi/lib/thumb/v7e-m+fp/hard\libg_nano.a(libc_a-printf.o)
 .comment       0x00000043       0x44 D:/Electronics/STM32CubeCLT_1.18.0/GNU-tools-for-STM32/bin/../lib/gcc/arm-none-eabi/13.3.1/../../../../arm-none-eabi/lib/thumb/v7e-m+fp/hard\libg_nano.a(libc_a-puts.o)
 .comment       0x00000043       0x44 D:/Electronics/STM32CubeCLT_1.18.0/GNU-tools-for-STM32/bin/../lib/gcc/arm-none-eabi/13.3.1/../../../../arm-none-eabi/lib/thumb/v7e-m+fp/hard\libg_nano.a(libc_a-setbuf.o)
 .comment       0x00000043       0x44 D:/Electronics/STM32CubeCLT_1.18.0/GNU-tools-for-STM32/bin/../lib/gcc/arm-none-eabi/13.3.1/../../../../arm-none-eabi/lib/thumb/v7e-m+fp/hard\libg_nano.a(libc_a-setvbuf.o)
 .comment       0x00000043       0x44 D:/Electronics/STM32CubeCLT_1.18.0/GNU-tools-for-STM32/bin/../lib/gcc/arm-none-eabi/13.3.1/../../../../arm-none-eabi/lib/thumb/v7e-m+fp/hard\libg_nano.a(libc_a-wbuf.o)
 .comment       0x00000043       0x44 D:/Electronics/STM32CubeCLT_1.18.0/GNU-tools-for-STM32/bin/../lib/gcc/arm-none-eabi/13.3.1/../../../../arm-none-eabi/lib/thumb/v7e-m+fp/hard\libg_nano.a(libc_a-wsetup.o)
 .comment       0x00000043       0x44 D:/Electronics/STM32CubeCLT_1.18.0/GNU-tools-for-STM32/bin/../lib/gcc/arm-none-eabi/13.3.1/../../../../arm-none-eabi/lib/thumb/v7e-m+fp/hard\libg_nano.a(libc_a-errno.o)
 .comment       0x00000043       0x44 D:/Electronics/STM32CubeCLT_1.18.0/GNU-tools-for-STM32/bin/../lib/gcc/arm-none-eabi/13.3.1/../../../../arm-none-eabi/lib/thumb/v7e-m+fp/hard\libg_nano.a(libc_a-malloc.o)
 .comment       0x00000043       0x44 D:/Electronics/STM32CubeCLT_1.18.0/GNU-tools-for-STM32/bin/../lib/gcc/arm-none-eabi/13.3.1/../../../../arm-none-eabi/lib/thumb/v7e-m+fp/hard\libg_nano.a(libc_a-nano-vfprintf.o)
 .comment       0x00000043       0x44 D:/Electronics/STM32CubeCLT_1.18.0/GNU-tools-for-STM32/bin/../lib/gcc/arm-none-eabi/13.3.1/../../../../arm-none-eabi/lib/thumb/v7e-m+fp/hard\libg_nano.a(libc_a-nano-vfprintf_i.o)
 .comment       0x00000043       0x44 D:/Electronics/STM32CubeCLT_1.18.0/GNU-tools-for-STM32/bin/../lib/gcc/arm-none-eabi/13.3.1/../../../../arm-none-eabi/lib/thumb/v7e-m+fp/hard\libg_nano.a(libc_a-makebuf.o)
 .comment       0x00000043       0x44 D:/Electronics/STM32CubeCLT_1.18.0/GNU-tools-for-STM32/bin/../lib/gcc/arm-none-eabi/13.3.1/../../../../arm-none-eabi/lib/thumb/v7e-m+fp/hard\libg_nano.a(libc_a-fstatr.o)
 .comment       0x00000043       0x44 D:/Electronics/STM32CubeCLT_1.18.0/GNU-tools-for-STM32/bin/../lib/gcc/arm-none-eabi/13.3.1/../../../../arm-none-eabi/lib/thumb/v7e-m+fp/hard\libg_nano.a(libc_a-isattyr.o)

.debug_frame    0x00000000     0x43f0
 .debug_frame   0x00000000      0x144 D:/Electronics/STM32CubeCLT_1.18.0/GNU-tools-for-STM32/bin/../lib/gcc/arm-none-eabi/13.3.1/../../../../arm-none-eabi/lib/thumb/v7e-m+fp/hard\libc_nano.a(libc_a-findfp.o)
 .debug_frame   0x00000144       0x34 D:/Electronics/STM32CubeCLT_1.18.0/GNU-tools-for-STM32/bin/../lib/gcc/arm-none-eabi/13.3.1/../../../../arm-none-eabi/lib/thumb/v7e-m+fp/hard\libc_nano.a(libc_a-fwalk.o)
 .debug_frame   0x00000178       0x88 D:/Electronics/STM32CubeCLT_1.18.0/GNU-tools-for-STM32/bin/../lib/gcc/arm-none-eabi/13.3.1/../../../../arm-none-eabi/lib/thumb/v7e-m+fp/hard\libc_nano.a(libc_a-stdio.o)
 .debug_frame   0x00000200       0x20 D:/Electronics/STM32CubeCLT_1.18.0/GNU-tools-for-STM32/bin/../lib/gcc/arm-none-eabi/13.3.1/../../../../arm-none-eabi/lib/thumb/v7e-m+fp/hard\libc_nano.a(libc_a-memset.o)
 .debug_frame   0x00000220       0x2c D:/Electronics/STM32CubeCLT_1.18.0/GNU-tools-for-STM32/bin/../lib/gcc/arm-none-eabi/13.3.1/../../../../arm-none-eabi/lib/thumb/v7e-m+fp/hard\libc_nano.a(libc_a-closer.o)
 .debug_frame   0x0000024c       0x38 D:/Electronics/STM32CubeCLT_1.18.0/GNU-tools-for-STM32/bin/../lib/gcc/arm-none-eabi/13.3.1/../../../../arm-none-eabi/lib/thumb/v7e-m+fp/hard\libc_nano.a(libc_a-reent.o)
 .debug_frame   0x00000284       0x2c D:/Electronics/STM32CubeCLT_1.18.0/GNU-tools-for-STM32/bin/../lib/gcc/arm-none-eabi/13.3.1/../../../../arm-none-eabi/lib/thumb/v7e-m+fp/hard\libc_nano.a(libc_a-lseekr.o)
 .debug_frame   0x000002b0       0x2c D:/Electronics/STM32CubeCLT_1.18.0/GNU-tools-for-STM32/bin/../lib/gcc/arm-none-eabi/13.3.1/../../../../arm-none-eabi/lib/thumb/v7e-m+fp/hard\libc_nano.a(libc_a-readr.o)
 .debug_frame   0x000002dc       0x2c D:/Electronics/STM32CubeCLT_1.18.0/GNU-tools-for-STM32/bin/../lib/gcc/arm-none-eabi/13.3.1/../../../../arm-none-eabi/lib/thumb/v7e-m+fp/hard\libc_nano.a(libc_a-writer.o)
 .debug_frame   0x00000308       0x2c D:/Electronics/STM32CubeCLT_1.18.0/GNU-tools-for-STM32/bin/../lib/gcc/arm-none-eabi/13.3.1/../../../../arm-none-eabi/lib/thumb/v7e-m+fp/hard\libc_nano.a(libc_a-init.o)
 .debug_frame   0x00000334       0xb0 D:/Electronics/STM32CubeCLT_1.18.0/GNU-tools-for-STM32/bin/../lib/gcc/arm-none-eabi/13.3.1/../../../../arm-none-eabi/lib/thumb/v7e-m+fp/hard\libc_nano.a(libc_a-lock.o)
 .debug_frame   0x000003e4       0x38 D:/Electronics/STM32CubeCLT_1.18.0/GNU-tools-for-STM32/bin/../lib/gcc/arm-none-eabi/13.3.1/../../../../arm-none-eabi/lib/thumb/v7e-m+fp/hard\libc_nano.a(libc_a-freer.o)
 .debug_frame   0x0000041c       0x50 D:/Electronics/STM32CubeCLT_1.18.0/GNU-tools-for-STM32/bin/../lib/gcc/arm-none-eabi/13.3.1/../../../../arm-none-eabi/lib/thumb/v7e-m+fp/hard\libc_nano.a(libc_a-mallocr.o)
 .debug_frame   0x0000046c       0x30 D:/Electronics/STM32CubeCLT_1.18.0/GNU-tools-for-STM32/bin/../lib/gcc/arm-none-eabi/13.3.1/../../../../arm-none-eabi/lib/thumb/v7e-m+fp/hard\libc_nano.a(libc_a-mlock.o)
 .debug_frame   0x0000049c       0x5c D:/Electronics/STM32CubeCLT_1.18.0/GNU-tools-for-STM32/bin/../lib/gcc/arm-none-eabi/13.3.1/../../../../arm-none-eabi/lib/thumb/v7e-m+fp/hard\libc_nano.a(libc_a-fflush.o)
 .debug_frame   0x000004f8       0x2c D:/Electronics/STM32CubeCLT_1.18.0/GNU-tools-for-STM32/bin/../lib/gcc/arm-none-eabi/13.3.1/../../../../arm-none-eabi/lib/thumb/v7e-m+fp/hard\libc_nano.a(libc_a-sbrkr.o)
 .debug_frame   0x00000524       0x58 cmake/stm32cubemx/CMakeFiles/STM32_Drivers.dir/__/__/Core/Src/system_stm32g4xx.c.obj
 .debug_frame   0x0000057c      0x85c cmake/stm32cubemx/CMakeFiles/STM32_Drivers.dir/__/__/Drivers/STM32G4xx_HAL_Driver/Src/stm32g4xx_hal_spi.c.obj
 .debug_frame   0x00000dd8      0x4f0 cmake/stm32cubemx/CMakeFiles/STM32_Drivers.dir/__/__/Drivers/STM32G4xx_HAL_Driver/Src/stm32g4xx_hal.c.obj
 .debug_frame   0x000012c8      0x234 cmake/stm32cubemx/CMakeFiles/STM32_Drivers.dir/__/__/Drivers/STM32G4xx_HAL_Driver/Src/stm32g4xx_hal_rcc.c.obj
 .debug_frame   0x000014fc      0x2a4 cmake/stm32cubemx/CMakeFiles/STM32_Drivers.dir/__/__/Drivers/STM32G4xx_HAL_Driver/Src/stm32g4xx_hal_rcc_ex.c.obj
 .debug_frame   0x000017a0      0x138 cmake/stm32cubemx/CMakeFiles/STM32_Drivers.dir/__/__/Drivers/STM32G4xx_HAL_Driver/Src/stm32g4xx_hal_gpio.c.obj
 .debug_frame   0x000018d8      0x4dc cmake/stm32cubemx/CMakeFiles/STM32_Drivers.dir/__/__/Drivers/STM32G4xx_HAL_Driver/Src/stm32g4xx_hal_pwr_ex.c.obj
 .debug_frame   0x00001db4      0x4dc cmake/stm32cubemx/CMakeFiles/STM32_Drivers.dir/__/__/Drivers/STM32G4xx_HAL_Driver/Src/stm32g4xx_hal_cortex.c.obj
 .debug_frame   0x00002290      0xa8c cmake/stm32cubemx/CMakeFiles/STM32_Drivers.dir/__/__/Drivers/STM32G4xx_HAL_Driver/Src/stm32g4xx_hal_uart.c.obj
 .debug_frame   0x00002d1c      0x2b8 cmake/stm32cubemx/CMakeFiles/STM32_Drivers.dir/__/__/Drivers/STM32G4xx_HAL_Driver/Src/stm32g4xx_hal_uart_ex.c.obj
 .debug_frame   0x00002fd4       0x90 CMakeFiles/STM32G431CBU6_SPI_WITH_W5500.dir/Core/Src/main.c.obj
 .debug_frame   0x00003064       0x34 CMakeFiles/STM32G431CBU6_SPI_WITH_W5500.dir/Core/Src/gpio.c.obj
 .debug_frame   0x00003098       0x74 CMakeFiles/STM32G431CBU6_SPI_WITH_W5500.dir/Core/Src/spi.c.obj
 .debug_frame   0x0000310c       0x74 CMakeFiles/STM32G431CBU6_SPI_WITH_W5500.dir/Core/Src/usart.c.obj
 .debug_frame   0x00003180      0x104 CMakeFiles/STM32G431CBU6_SPI_WITH_W5500.dir/Core/Src/stm32g4xx_it.c.obj
 .debug_frame   0x00003284       0x34 CMakeFiles/STM32G431CBU6_SPI_WITH_W5500.dir/Core/Src/stm32g4xx_hal_msp.c.obj
 .debug_frame   0x000032b8       0x34 CMakeFiles/STM32G431CBU6_SPI_WITH_W5500.dir/Core/Src/sysmem.c.obj
 .debug_frame   0x000032ec      0x2ac CMakeFiles/STM32G431CBU6_SPI_WITH_W5500.dir/Core/Src/syscalls.c.obj
 .debug_frame   0x00003598       0x30 CMakeFiles/STM32G431CBU6_SPI_WITH_W5500.dir/App/Src/app.c.obj
 .debug_frame   0x000035c8       0x7c CMakeFiles/STM32G431CBU6_SPI_WITH_W5500.dir/App/Src/ethernet.c.obj
 .debug_frame   0x00003644      0x1d4 CMakeFiles/STM32G431CBU6_SPI_WITH_W5500.dir/Bsp/Src/socket.c.obj
 .debug_frame   0x00003818      0x164 CMakeFiles/STM32G431CBU6_SPI_WITH_W5500.dir/Bsp/Src/w5500_spi.c.obj
 .debug_frame   0x0000397c      0x534 CMakeFiles/STM32G431CBU6_SPI_WITH_W5500.dir/Bsp/Src/wizchip_conf.c.obj
 .debug_frame   0x00003eb0      0x16c CMakeFiles/STM32G431CBU6_SPI_WITH_W5500.dir/Bsp/Src/w5500.c.obj
 .debug_frame   0x0000401c       0x2c D:/Electronics/STM32CubeCLT_1.18.0/GNU-tools-for-STM32/bin/../lib/gcc/arm-none-eabi/13.3.1/thumb/v7e-m+fp/hard\libgcc.a(_aeabi_uldivmod.o)
 .debug_frame   0x00004048       0x34 D:/Electronics/STM32CubeCLT_1.18.0/GNU-tools-for-STM32/bin/../lib/gcc/arm-none-eabi/13.3.1/thumb/v7e-m+fp/hard\libgcc.a(_udivmoddi4.o)
 .debug_frame   0x0000407c       0x6c D:/Electronics/STM32CubeCLT_1.18.0/GNU-tools-for-STM32/bin/../lib/gcc/arm-none-eabi/13.3.1/../../../../arm-none-eabi/lib/thumb/v7e-m+fp/hard\libg_nano.a(libc_a-printf.o)
 .debug_frame   0x000040e8       0x3c D:/Electronics/STM32CubeCLT_1.18.0/GNU-tools-for-STM32/bin/../lib/gcc/arm-none-eabi/13.3.1/../../../../arm-none-eabi/lib/thumb/v7e-m+fp/hard\libg_nano.a(libc_a-puts.o)
 .debug_frame   0x00004124       0x20 D:/Electronics/STM32CubeCLT_1.18.0/GNU-tools-for-STM32/bin/../lib/gcc/arm-none-eabi/13.3.1/../../../../arm-none-eabi/lib/thumb/v7e-m+fp/hard\libg_nano.a(libc_a-setbuf.o)
 .debug_frame   0x00004144       0x38 D:/Electronics/STM32CubeCLT_1.18.0/GNU-tools-for-STM32/bin/../lib/gcc/arm-none-eabi/13.3.1/../../../../arm-none-eabi/lib/thumb/v7e-m+fp/hard\libg_nano.a(libc_a-setvbuf.o)
 .debug_frame   0x0000417c       0x40 D:/Electronics/STM32CubeCLT_1.18.0/GNU-tools-for-STM32/bin/../lib/gcc/arm-none-eabi/13.3.1/../../../../arm-none-eabi/lib/thumb/v7e-m+fp/hard\libg_nano.a(libc_a-wbuf.o)
 .debug_frame   0x000041bc       0x2c D:/Electronics/STM32CubeCLT_1.18.0/GNU-tools-for-STM32/bin/../lib/gcc/arm-none-eabi/13.3.1/../../../../arm-none-eabi/lib/thumb/v7e-m+fp/hard\libg_nano.a(libc_a-wsetup.o)
 .debug_frame   0x000041e8       0x20 D:/Electronics/STM32CubeCLT_1.18.0/GNU-tools-for-STM32/bin/../lib/gcc/arm-none-eabi/13.3.1/../../../../arm-none-eabi/lib/thumb/v7e-m+fp/hard\libg_nano.a(libc_a-errno.o)
 .debug_frame   0x00004208       0x30 D:/Electronics/STM32CubeCLT_1.18.0/GNU-tools-for-STM32/bin/../lib/gcc/arm-none-eabi/13.3.1/../../../../arm-none-eabi/lib/thumb/v7e-m+fp/hard\libg_nano.a(libc_a-malloc.o)
 .debug_frame   0x00004238       0xa8 D:/Electronics/STM32CubeCLT_1.18.0/GNU-tools-for-STM32/bin/../lib/gcc/arm-none-eabi/13.3.1/../../../../arm-none-eabi/lib/thumb/v7e-m+fp/hard\libg_nano.a(libc_a-nano-vfprintf.o)
 .debug_frame   0x000042e0       0x60 D:/Electronics/STM32CubeCLT_1.18.0/GNU-tools-for-STM32/bin/../lib/gcc/arm-none-eabi/13.3.1/../../../../arm-none-eabi/lib/thumb/v7e-m+fp/hard\libg_nano.a(libc_a-nano-vfprintf_i.o)
 .debug_frame   0x00004340       0x58 D:/Electronics/STM32CubeCLT_1.18.0/GNU-tools-for-STM32/bin/../lib/gcc/arm-none-eabi/13.3.1/../../../../arm-none-eabi/lib/thumb/v7e-m+fp/hard\libg_nano.a(libc_a-makebuf.o)
 .debug_frame   0x00004398       0x2c D:/Electronics/STM32CubeCLT_1.18.0/GNU-tools-for-STM32/bin/../lib/gcc/arm-none-eabi/13.3.1/../../../../arm-none-eabi/lib/thumb/v7e-m+fp/hard\libg_nano.a(libc_a-fstatr.o)
 .debug_frame   0x000043c4       0x2c D:/Electronics/STM32CubeCLT_1.18.0/GNU-tools-for-STM32/bin/../lib/gcc/arm-none-eabi/13.3.1/../../../../arm-none-eabi/lib/thumb/v7e-m+fp/hard\libg_nano.a(libc_a-isattyr.o)

.debug_info     0x00000000    0x18e59
 .debug_info    0x00000000      0x58e cmake/stm32cubemx/CMakeFiles/STM32_Drivers.dir/__/__/Core/Src/system_stm32g4xx.c.obj
 .debug_info    0x0000058e     0x168d cmake/stm32cubemx/CMakeFiles/STM32_Drivers.dir/__/__/Drivers/STM32G4xx_HAL_Driver/Src/stm32g4xx_hal_spi.c.obj
 .debug_info    0x00001c1b      0xb15 cmake/stm32cubemx/CMakeFiles/STM32_Drivers.dir/__/__/Drivers/STM32G4xx_HAL_Driver/Src/stm32g4xx_hal.c.obj
 .debug_info    0x00002730      0xbb5 cmake/stm32cubemx/CMakeFiles/STM32_Drivers.dir/__/__/Drivers/STM32G4xx_HAL_Driver/Src/stm32g4xx_hal_rcc.c.obj
 .debug_info    0x000032e5      0xc48 cmake/stm32cubemx/CMakeFiles/STM32_Drivers.dir/__/__/Drivers/STM32G4xx_HAL_Driver/Src/stm32g4xx_hal_rcc_ex.c.obj
 .debug_info    0x00003f2d      0x794 cmake/stm32cubemx/CMakeFiles/STM32_Drivers.dir/__/__/Drivers/STM32G4xx_HAL_Driver/Src/stm32g4xx_hal_gpio.c.obj
 .debug_info    0x000046c1      0x95d cmake/stm32cubemx/CMakeFiles/STM32_Drivers.dir/__/__/Drivers/STM32G4xx_HAL_Driver/Src/stm32g4xx_hal_pwr_ex.c.obj
 .debug_info    0x0000501e      0xd74 cmake/stm32cubemx/CMakeFiles/STM32_Drivers.dir/__/__/Drivers/STM32G4xx_HAL_Driver/Src/stm32g4xx_hal_cortex.c.obj